Archive member included to satisfy reference by file (symbol)

/home/ayden/Ac6/SystemWorkbench/plugins/fr.ac6.mcu.externaltools.arm-none.linux64_1.17.0.201812190825/tools/compiler/bin/../lib/gcc/arm-none-eabi/7.3.1/thumb/v6-m/libgcc.a(_udivsi3.o)
                              StdPeriph_Driver/src/stm32f0xx_rcc.o (__aeabi_uidiv)
/home/ayden/Ac6/SystemWorkbench/plugins/fr.ac6.mcu.externaltools.arm-none.linux64_1.17.0.201812190825/tools/compiler/bin/../lib/gcc/arm-none-eabi/7.3.1/thumb/v6-m/libgcc.a(_divsi3.o)
                              src/lcd.o (__aeabi_idiv)
/home/ayden/Ac6/SystemWorkbench/plugins/fr.ac6.mcu.externaltools.arm-none.linux64_1.17.0.201812190825/tools/compiler/bin/../lib/gcc/arm-none-eabi/7.3.1/thumb/v6-m/libgcc.a(_dvmd_tls.o)
                              /home/ayden/Ac6/SystemWorkbench/plugins/fr.ac6.mcu.externaltools.arm-none.linux64_1.17.0.201812190825/tools/compiler/bin/../lib/gcc/arm-none-eabi/7.3.1/thumb/v6-m/libgcc.a(_udivsi3.o) (__aeabi_idiv0)
/home/ayden/Ac6/SystemWorkbench/plugins/fr.ac6.mcu.externaltools.arm-none.linux64_1.17.0.201812190825/tools/compiler/bin/../lib/gcc/arm-none-eabi/7.3.1/thumb/v6-m/libgcc.a(divsf3.o)
                              src/extrafunctions.o (__aeabi_fdiv)
/home/ayden/Ac6/SystemWorkbench/plugins/fr.ac6.mcu.externaltools.arm-none.linux64_1.17.0.201812190825/tools/compiler/bin/../lib/gcc/arm-none-eabi/7.3.1/thumb/v6-m/libgcc.a(floatsisf.o)
                              src/extrafunctions.o (__aeabi_i2f)
/home/ayden/Ac6/SystemWorkbench/plugins/fr.ac6.mcu.externaltools.arm-none.linux64_1.17.0.201812190825/tools/compiler/bin/../lib/gcc/arm-none-eabi/7.3.1/thumb/v6-m/libgcc.a(adddf3.o)
                              src/extrafunctions.o (__aeabi_dadd)
/home/ayden/Ac6/SystemWorkbench/plugins/fr.ac6.mcu.externaltools.arm-none.linux64_1.17.0.201812190825/tools/compiler/bin/../lib/gcc/arm-none-eabi/7.3.1/thumb/v6-m/libgcc.a(muldf3.o)
                              src/extrafunctions.o (__aeabi_dmul)
/home/ayden/Ac6/SystemWorkbench/plugins/fr.ac6.mcu.externaltools.arm-none.linux64_1.17.0.201812190825/tools/compiler/bin/../lib/gcc/arm-none-eabi/7.3.1/thumb/v6-m/libgcc.a(fixdfsi.o)
                              src/extrafunctions.o (__aeabi_d2iz)
/home/ayden/Ac6/SystemWorkbench/plugins/fr.ac6.mcu.externaltools.arm-none.linux64_1.17.0.201812190825/tools/compiler/bin/../lib/gcc/arm-none-eabi/7.3.1/thumb/v6-m/libgcc.a(extendsfdf2.o)
                              src/extrafunctions.o (__aeabi_f2d)
/home/ayden/Ac6/SystemWorkbench/plugins/fr.ac6.mcu.externaltools.arm-none.linux64_1.17.0.201812190825/tools/compiler/bin/../lib/gcc/arm-none-eabi/7.3.1/thumb/v6-m/libgcc.a(_clzsi2.o)
                              /home/ayden/Ac6/SystemWorkbench/plugins/fr.ac6.mcu.externaltools.arm-none.linux64_1.17.0.201812190825/tools/compiler/bin/../lib/gcc/arm-none-eabi/7.3.1/thumb/v6-m/libgcc.a(divsf3.o) (__clzsi2)
/home/ayden/Ac6/SystemWorkbench/plugins/fr.ac6.mcu.externaltools.arm-none.linux64_1.17.0.201812190825/tools/compiler/bin/../lib/gcc/arm-none-eabi/7.3.1/../../../../arm-none-eabi/lib/thumb/v6-m/libc.a(lib_a-errno.o)
                              src/syscalls.o (__errno)
/home/ayden/Ac6/SystemWorkbench/plugins/fr.ac6.mcu.externaltools.arm-none.linux64_1.17.0.201812190825/tools/compiler/bin/../lib/gcc/arm-none-eabi/7.3.1/../../../../arm-none-eabi/lib/thumb/v6-m/libc.a(lib_a-exit.o)
                              /home/ayden/Ac6/SystemWorkbench/plugins/fr.ac6.mcu.externaltools.arm-none.linux64_1.17.0.201812190825/tools/compiler/bin/../lib/gcc/arm-none-eabi/7.3.1/../../../../arm-none-eabi/lib/thumb/v6-m/crt0.o (exit)
/home/ayden/Ac6/SystemWorkbench/plugins/fr.ac6.mcu.externaltools.arm-none.linux64_1.17.0.201812190825/tools/compiler/bin/../lib/gcc/arm-none-eabi/7.3.1/../../../../arm-none-eabi/lib/thumb/v6-m/libc.a(lib_a-impure.o)
                              /home/ayden/Ac6/SystemWorkbench/plugins/fr.ac6.mcu.externaltools.arm-none.linux64_1.17.0.201812190825/tools/compiler/bin/../lib/gcc/arm-none-eabi/7.3.1/../../../../arm-none-eabi/lib/thumb/v6-m/libc.a(lib_a-exit.o) (_global_impure_ptr)
/home/ayden/Ac6/SystemWorkbench/plugins/fr.ac6.mcu.externaltools.arm-none.linux64_1.17.0.201812190825/tools/compiler/bin/../lib/gcc/arm-none-eabi/7.3.1/../../../../arm-none-eabi/lib/thumb/v6-m/libc.a(lib_a-init.o)
                              /home/ayden/Ac6/SystemWorkbench/plugins/fr.ac6.mcu.externaltools.arm-none.linux64_1.17.0.201812190825/tools/compiler/bin/../lib/gcc/arm-none-eabi/7.3.1/../../../../arm-none-eabi/lib/thumb/v6-m/crt0.o (__libc_init_array)
/home/ayden/Ac6/SystemWorkbench/plugins/fr.ac6.mcu.externaltools.arm-none.linux64_1.17.0.201812190825/tools/compiler/bin/../lib/gcc/arm-none-eabi/7.3.1/../../../../arm-none-eabi/lib/thumb/v6-m/libc.a(lib_a-memcpy-stub.o)
                              src/extrafunctions.o (memcpy)
[...]
Memory Configuration

Name             Origin             Length             Attributes
RAM              0x0000000020000000 0x0000000000008000 xrw
ROM              0x0000000008000000 0x0000000000040000 xr
*default*        0x0000000000000000 0xffffffffffffffff

Linker script and memory map

LOAD /home/ayden/Ac6/SystemWorkbench/plugins/fr.ac6.mcu.externaltools.arm-none.linux64_1.17.0.201812190825/tools/compiler/bin/../lib/gcc/arm-none-eabi/7.3.1/thumb/v6-m/crti.o
LOAD /home/ayden/Ac6/SystemWorkbench/plugins/fr.ac6.mcu.externaltools.arm-none.linux64_1.17.0.201812190825/tools/compiler/bin/../lib/gcc/arm-none-eabi/7.3.1/thumb/v6-m/crtbegin.o
LOAD /home/ayden/Ac6/SystemWorkbench/plugins/fr.ac6.mcu.externaltools.arm-none.linux64_1.17.0.201812190825/tools/compiler/bin/../lib/gcc/arm-none-eabi/7.3.1/../../../../arm-none-eabi/lib/thumb/v6-m/crt0.o
LOAD StdPeriph_Driver/src/stm32f0xx_adc.o
LOAD StdPeriph_Driver/src/stm32f0xx_can.o
LOAD StdPeriph_Driver/src/stm32f0xx_cec.o
LOAD StdPeriph_Driver/src/stm32f0xx_comp.o
LOAD StdPeriph_Driver/src/stm32f0xx_crc.o
LOAD StdPeriph_Driver/src/stm32f0xx_crs.o
LOAD StdPeriph_Driver/src/stm32f0xx_dac.o
LOAD StdPeriph_Driver/src/stm32f0xx_dbgmcu.o
LOAD StdPeriph_Driver/src/stm32f0xx_dma.o
LOAD StdPeriph_Driver/src/stm32f0xx_exti.o
LOAD StdPeriph_Driver/src/stm32f0xx_flash.o
LOAD StdPeriph_Driver/src/stm32f0xx_gpio.o
LOAD StdPeriph_Driver/src/stm32f0xx_i2c.o
LOAD StdPeriph_Driver/src/stm32f0xx_iwdg.o
LOAD StdPeriph_Driver/src/stm32f0xx_misc.o
LOAD StdPeriph_Driver/src/stm32f0xx_pwr.o
LOAD StdPeriph_Driver/src/stm32f0xx_rcc.o
LOAD StdPeriph_Driver/src/stm32f0xx_rtc.o
LOAD StdPeriph_Driver/src/stm32f0xx_spi.o
LOAD StdPeriph_Driver/src/stm32f0xx_syscfg.o
LOAD StdPeriph_Driver/src/stm32f0xx_tim.o
LOAD StdPeriph_Driver/src/stm32f0xx_usart.o
LOAD StdPeriph_Driver/src/stm32f0xx_wwdg.o
LOAD src/background.o
LOAD src/ball.o
LOAD src/bounce.o
LOAD src/enemyship.o
LOAD src/explosion.o
LOAD src/extrafunctions.o
LOAD src/laser.o
LOAD src/lcd.o
LOAD src/paddle.o
LOAD src/railgun.o
LOAD src/syscalls.o
LOAD src/system_stm32f0xx.o
LOAD startup/startup_stm32.o
LOAD /home/ayden/Ac6/SystemWorkbench/plugins/fr.ac6.mcu.externaltools.arm-none.linux64_1.17.0.201812190825/tools/compiler/bin/../lib/gcc/arm-none-eabi/7.3.1/../../../../arm-none-eabi/lib/thumb/v6-m/libm.a
START GROUP
LOAD /home/ayden/Ac6/SystemWorkbench/plugins/fr.ac6.mcu.externaltools.arm-none.linux64_1.17.0.201812190825/tools/compiler/bin/../lib/gcc/arm-none-eabi/7.3.1/thumb/v6-m/libgcc.a
LOAD /home/ayden/Ac6/SystemWorkbench/plugins/fr.ac6.mcu.externaltools.arm-none.linux64_1.17.0.201812190825/tools/compiler/bin/../lib/gcc/arm-none-eabi/7.3.1/../../../../arm-none-eabi/lib/thumb/v6-m/libc.a
END GROUP
LOAD /home/ayden/Ac6/SystemWorkbench/plugins/fr.ac6.mcu.externaltools.arm-none.linux64_1.17.0.201812190825/tools/compiler/bin/../lib/gcc/arm-none-eabi/7.3.1/thumb/v6-m/crtend.o
LOAD /home/ayden/Ac6/SystemWorkbench/plugins/fr.ac6.mcu.externaltools.arm-none.linux64_1.17.0.201812190825/tools/compiler/bin/../lib/gcc/arm-none-eabi/7.3.1/thumb/v6-m/crtn.o
                0x0000000020008000                _estack = 0x20008000
                0x0000000000000000                _Min_Heap_Size = 0x0
                0x0000000000000400                _Min_Stack_Size = 0x400

.isr_vector     0x0000000008000000       0xc0
                0x0000000008000000                . = ALIGN (0x4)
 *(.isr_vector)
 .isr_vector    0x0000000008000000       0xc0 startup/startup_stm32.o
                0x0000000008000000                g_pfnVectors
                0x00000000080000c0                . = ALIGN (0x4)

.text           0x00000000080000c0     0x9418
                0x00000000080000c0                . = ALIGN (0x4)
 *(.text)
 .text          0x00000000080000c0       0x48 /home/ayden/Ac6/SystemWorkbench/plugins/fr.ac6.mcu.externaltools.arm-none.linux64_1.17.0.201812190825/tools/compiler/bin/../lib/gcc/arm-none-eabi/7.3.1/thumb/v6-m/crtbegin.o
 .text          0x0000000008000108      0x114 /home/ayden/Ac6/SystemWorkbench/plugins/fr.ac6.mcu.externaltools.arm-none.linux64_1.17.0.201812190825/tools/compiler/bin/../lib/gcc/arm-none-eabi/7.3.1/thumb/v6-m/libgcc.a(_udivsi3.o)
                0x0000000008000108                __udivsi3
                0x0000000008000108                __aeabi_uidiv
                0x0000000008000214                __aeabi_uidivmod
 .text          0x000000000800021c      0x1d4 /home/ayden/Ac6/SystemWorkbench/plugins/fr.ac6.mcu.externaltools.arm-none.linux64_1.17.0.201812190825/tools/compiler/bin/../lib/gcc/arm-none-eabi/7.3.1/thumb/v6-m/libgcc.a(_divsi3.o)
                0x000000000800021c                __aeabi_idiv
                0x000000000800021c                __divsi3
                0x00000000080003e8                __aeabi_idivmod
 .text          0x00000000080003f0        0x4 /home/ayden/Ac6/SystemWorkbench/plugins/fr.ac6.mcu.externaltools.arm-none.linux64_1.17.0.201812190825/tools/compiler/bin/../lib/gcc/arm-none-eabi/7.3.1/thumb/v6-m/libgcc.a(_dvmd_tls.o)
                0x00000000080003f0                __aeabi_ldiv0
                0x00000000080003f0                __aeabi_idiv0
 .text          0x00000000080003f4      0x224 /home/ayden/Ac6/SystemWorkbench/plugins/fr.ac6.mcu.externaltools.arm-none.linux64_1.17.0.201812190825/tools/compiler/bin/../lib/gcc/arm-none-eabi/7.3.1/thumb/v6-m/libgcc.a(divsf3.o)
                0x00000000080003f4                __aeabi_fdiv
 .text          0x0000000008000618       0x94 /home/ayden/Ac6/SystemWorkbench/plugins/fr.ac6.mcu.externaltools.arm-none.linux64_1.17.0.201812190825/tools/compiler/bin/../lib/gcc/arm-none-eabi/7.3.1/thumb/v6-m/libgcc.a(floatsisf.o)
                0x0000000008000618                __aeabi_i2f
 .text          0x00000000080006ac      0x638 /home/ayden/Ac6/SystemWorkbench/plugins/fr.ac6.mcu.externaltools.arm-none.linux64_1.17.0.201812190825/tools/compiler/bin/../lib/gcc/arm-none-eabi/7.3.1/thumb/v6-m/libgcc.a(adddf3.o)
                0x00000000080006ac                __aeabi_dadd
 .text          0x0000000008000ce4      0x4e4 /home/ayden/Ac6/SystemWorkbench/plugins/fr.ac6.mcu.externaltools.arm-none.linux64_1.17.0.201812190825/tools/compiler/bin/../lib/gcc/arm-none-eabi/7.3.1/thumb/v6-m/libgcc.a(muldf3.o)
                0x0000000008000ce4                __aeabi_dmul
 .text          0x00000000080011c8       0x6c /home/ayden/Ac6/SystemWorkbench/plugins/fr.ac6.mcu.externaltools.arm-none.linux64_1.17.0.201812190825/tools/compiler/bin/../lib/gcc/arm-none-eabi/7.3.1/thumb/v6-m/libgcc.a(fixdfsi.o)
                0x00000000080011c8                __aeabi_d2iz
 .text          0x0000000008001234       0xa4 /home/ayden/Ac6/SystemWorkbench/plugins/fr.ac6.mcu.externaltools.arm-none.linux64_1.17.0.201812190825/tools/compiler/bin/../lib/gcc/arm-none-eabi/7.3.1/thumb/v6-m/libgcc.a(extendsfdf2.o)
                0x0000000008001234                __aeabi_f2d
 .text          0x00000000080012d8       0x3c /home/ayden/Ac6/SystemWorkbench/plugins/fr.ac6.mcu.externaltools.arm-none.linux64_1.17.0.201812190825/tools/compiler/bin/../lib/gcc/arm-none-eabi/7.3.1/thumb/v6-m/libgcc.a(_clzsi2.o)
                0x00000000080012d8                __clzsi2
 .text          0x0000000008001314       0x7c /home/ayden/Ac6/SystemWorkbench/plugins/fr.ac6.mcu.externaltools.arm-none.linux64_1.17.0.201812190825/tools/compiler/bin/../lib/gcc/arm-none-eabi/7.3.1/thumb/v6-m/libgcc.a(_arm_cmpdf2.o)
                0x0000000008001314                __aeabi_cdrcmple
                0x0000000008001324                __aeabi_cdcmple
                0x0000000008001324                __aeabi_cdcmpeq
                0x0000000008001334                __aeabi_dcmpeq
                0x0000000008001340                __aeabi_dcmplt
                0x0000000008001354                __aeabi_dcmple
                0x0000000008001368                __aeabi_dcmpgt
                0x000000000800137c                __aeabi_dcmpge
 .text          0x0000000008001390       0x40 /home/ayden/Ac6/SystemWorkbench/plugins/fr.ac6.mcu.externaltools.arm-none.linux64_1.17.0.201812190825/tools/compiler/bin/../lib/gcc/arm-none-eabi/7.3.1/thumb/v6-m/libgcc.a(_aeabi_uldivmod.o)
                0x0000000008001390                __aeabi_uldivmod
 .text          0x00000000080013d0       0x54 /home/ayden/Ac6/SystemWorkbench/plugins/fr.ac6.mcu.externaltools.arm-none.linux64_1.17.0.201812190825/tools/compiler/bin/../lib/gcc/arm-none-eabi/7.3.1/thumb/v6-m/libgcc.a(_muldi3.o)
                0x00000000080013d0                __aeabi_lmul
                0x00000000080013d0                __muldi3
 .text          0x0000000008001424      0x184 /home/ayden/Ac6/SystemWorkbench/plugins/fr.ac6.mcu.externaltools.arm-none.linux64_1.17.0.201812190825/tools/compiler/bin/../lib/gcc/arm-none-eabi/7.3.1/thumb/v6-m/libgcc.a(_udivmoddi4.o)
                0x0000000008001424                __udivmoddi4
 .text          0x00000000080015a8      0x604 /home/ayden/Ac6/SystemWorkbench/plugins/fr.ac6.mcu.externaltools.arm-none.linux64_1.17.0.201812190825/tools/compiler/bin/../lib/gcc/arm-none-eabi/7.3.1/thumb/v6-m/libgcc.a(divdf3.o)
                0x00000000080015a8                __aeabi_ddiv
 .text          0x0000000008001bac       0x78 /home/ayden/Ac6/SystemWorkbench/plugins/fr.ac6.mcu.externaltools.arm-none.linux64_1.17.0.201812190825/tools/compiler/bin/../lib/gcc/arm-none-eabi/7.3.1/thumb/v6-m/libgcc.a(eqdf2.o)
                0x0000000008001bac                __eqdf2
                0x0000000008001bac                __nedf2
 .text          0x0000000008001c24       0xc8 /home/ayden/Ac6/SystemWorkbench/plugins/fr.ac6.mcu.externaltools.arm-none.linux64_1.17.0.201812190825/tools/compiler/bin/../lib/gcc/arm-none-eabi/7.3.1/thumb/v6-m/libgcc.a(gedf2.o)
                0x0000000008001c24                __gtdf2
                0x0000000008001c24                __gedf2
 .text          0x0000000008001cec       0xd0 /home/ayden/Ac6/SystemWorkbench/plugins/fr.ac6.mcu.externaltools.arm-none.linux64_1.17.0.201812190825/tools/compiler/bin/../lib/gcc/arm-none-eabi/7.3.1/thumb/v6-m/libgcc.a(ledf2.o)
                0x0000000008001cec                __ltdf2
                0x0000000008001cec                __ledf2
 .text          0x0000000008001dbc      0x690 /home/ayden/Ac6/SystemWorkbench/plugins/fr.ac6.mcu.externaltools.arm-none.linux64_1.17.0.201812190825/tools/compiler/bin/../lib/gcc/arm-none-eabi/7.3.1/thumb/v6-m/libgcc.a(subdf3.o)
                0x0000000008001dbc                __aeabi_dsub
 .text          0x000000000800244c       0x38 /home/ayden/Ac6/SystemWorkbench/plugins/fr.ac6.mcu.externaltools.arm-none.linux64_1.17.0.201812190825/tools/compiler/bin/../lib/gcc/arm-none-eabi/7.3.1/thumb/v6-m/libgcc.a(unorddf2.o)
                0x000000000800244c                __aeabi_dcmpun
 .text          0x0000000008002484       0x74 /home/ayden/Ac6/SystemWorkbench/plugins/fr.ac6.mcu.externaltools.arm-none.linux64_1.17.0.201812190825/tools/compiler/bin/../lib/gcc/arm-none-eabi/7.3.1/thumb/v6-m/libgcc.a(floatsidf.o)
                0x0000000008002484                __aeabi_i2d
 .text          0x00000000080024f8       0x64 /home/ayden/Ac6/SystemWorkbench/plugins/fr.ac6.mcu.externaltools.arm-none.linux64_1.17.0.201812190825/tools/compiler/bin/../lib/gcc/arm-none-eabi/7.3.1/thumb/v6-m/libgcc.a(floatunsidf.o)
                0x00000000080024f8                __aeabi_ui2d
 .text          0x000000000800255c       0x18 /home/ayden/Ac6/SystemWorkbench/plugins/fr.ac6.mcu.externaltools.arm-none.linux64_1.17.0.201812190825/tools/compiler/bin/../lib/gcc/arm-none-eabi/7.3.1/thumb/v6-m/libgcc.a(_clzdi2.o)
                0x000000000800255c                __clzdi2
 *(.text*)
 .text.pic_subset
                0x0000000008002574       0xa6 src/bounce.o
                0x0000000008002574                pic_subset
 .text.pic_overlay
                0x000000000800261a       0xc0 src/bounce.o
                0x000000000800261a                pic_overlay
 *fill*         0x00000000080026da        0x2 
 .text.perturb  0x00000000080026dc      0x130 src/bounce.o
                0x00000000080026dc                perturb
 .text.firingMechanics
                0x000000000800280c      0x30c src/bounce.o
                0x000000000800280c                firingMechanics
 .text.shipLocationMechanics
                0x0000000008002b18      0x138 src/bounce.o
                0x0000000008002b18                shipLocationMechanics
 .text.updateLvlRnd
                0x0000000008002c50      0x13c src/bounce.o
                0x0000000008002c50                updateLvlRnd
 .text.initKeys
                0x0000000008002d8c       0x6c src/bounce.o
                0x0000000008002d8c                initKeys
 .text.TIM17_IRQHandler
                0x0000000008002df8      0x3c0 src/bounce.o
                0x0000000008002df8                TIM17_IRQHandler
 .text.main     0x00000000080031b8      0x1f8 src/bounce.o
                0x00000000080031b8                main
 .text.NVIC_SetPriority
                0x00000000080033b0       0xdc src/extrafunctions.o
 .text.nano_wait
                0x000000000800348c       0x18 src/extrafunctions.o
                0x000000000800348c                nano_wait
 .text.setupAmmoLEDs
                0x00000000080034a4       0x14 src/extrafunctions.o
                0x00000000080034a4                setupAmmoLEDs
 .text.updateAmmoLEDs
                0x00000000080034b8       0x4e src/extrafunctions.o
                0x00000000080034b8                updateAmmoLEDs
 *fill*         0x0000000008003506        0x2 
 .text.setup_tim17
                0x0000000008003508       0x6c src/extrafunctions.o
                0x0000000008003508                setup_tim17
 .text.check_key
                0x0000000008003574       0x64 src/extrafunctions.o
                0x0000000008003574                check_key
 .text.updateScore
                0x00000000080035d8       0x88 src/extrafunctions.o
                0x00000000080035d8                updateScore
 .text.setupOLED
                0x0000000008003660       0x12 src/extrafunctions.o
                0x0000000008003660                setupOLED
 *fill*         0x0000000008003672        0x2 
 .text.updateOLED
                0x0000000008003674       0x88 src/extrafunctions.o
                0x0000000008003674                updateOLED
 .text.setPercentTable
                0x00000000080036fc       0x84 src/extrafunctions.o
                0x00000000080036fc                setPercentTable
 .text.initOLED
                0x0000000008003780       0x4c src/extrafunctions.o
                0x0000000008003780                initOLED
 .text.setup_spi1_displayTFT
                0x00000000080037cc       0xb0 src/extrafunctions.o
                0x00000000080037cc                setup_spi1_displayTFT
 .text.setup_spi2
                0x000000000800387c       0x90 src/extrafunctions.o
                0x000000000800387c                setup_spi2
 .text.spi_cmd  0x000000000800390c       0x34 src/extrafunctions.o
                0x000000000800390c                spi_cmd
 .text.spi_data
                0x0000000008003940       0x3c src/extrafunctions.o
                0x0000000008003940                spi_data
 .text.spi_init_oled
                0x000000000800397c       0x48 src/extrafunctions.o
                0x000000000800397c                spi_init_oled
 .text.setup_i2c
                0x00000000080039c4      0x124 src/extrafunctions.o
                0x00000000080039c4                setup_i2c
 .text.i2c_start
                0x0000000008003ae8       0x84 src/extrafunctions.o
                0x0000000008003ae8                i2c_start
 .text.i2c_stop
                0x0000000008003b6c       0x40 src/extrafunctions.o
                0x0000000008003b6c                i2c_stop
 .text.i2c_waitidle
                0x0000000008003bac       0x24 src/extrafunctions.o
                0x0000000008003bac                i2c_waitidle
 .text.i2c_senddata
                0x0000000008003bd0       0xe4 src/extrafunctions.o
                0x0000000008003bd0                i2c_senddata
 .text.i2c_set_iodir
                0x0000000008003cb4       0xda src/extrafunctions.o
                0x0000000008003cb4                i2c_set_iodir
 .text.i2c_set_gpio
                0x0000000008003d8e       0xda src/extrafunctions.o
                0x0000000008003d8e                i2c_set_gpio
 .text.enable_keypad_display
                0x0000000008003e68       0x84 src/extrafunctions.o
                0x0000000008003e68                enable_keypad_display
 .text.show_digit
                0x0000000008003eec       0x4c src/extrafunctions.o
                0x0000000008003eec                show_digit
 .text.set_row  0x0000000008003f38       0x2c src/extrafunctions.o
                0x0000000008003f38                set_row
 .text.get_cols
                0x0000000008003f64       0x2c src/extrafunctions.o
                0x0000000008003f64                get_cols
 .text.insert_queue
                0x0000000008003f90       0x38 src/extrafunctions.o
                0x0000000008003f90                insert_queue
 .text.update_hist
                0x0000000008003fc8       0xa0 src/extrafunctions.o
                0x0000000008003fc8                update_hist
 .text.TIM7_IRQHandler
                0x0000000008004068       0x48 src/extrafunctions.o
                0x0000000008004068                TIM7_IRQHandler
 .text.setup_tim7
                0x00000000080040b0       0x68 src/extrafunctions.o
                0x00000000080040b0                setup_tim7
 .text.getkey   0x0000000008004118       0xe8 src/extrafunctions.o
                0x0000000008004118                getkey
 .text.checkkey
                0x0000000008004200       0xe8 src/extrafunctions.o
                0x0000000008004200                checkkey
 .text.shift    0x00000000080042e8       0x38 src/extrafunctions.o
                0x00000000080042e8                shift
 .text.LCD_Reset
                0x0000000008004320       0x34 src/lcd.o
                0x0000000008004320                LCD_Reset
 .text.LCD_WR_REG
                0x0000000008004354       0x3c src/lcd.o
                0x0000000008004354                LCD_WR_REG
 .text.LCD_WR_DATA
                0x0000000008004390       0x3c src/lcd.o
                0x0000000008004390                LCD_WR_DATA
 .text.LCD_WriteData16_Prepare
                0x00000000080043cc       0x28 src/lcd.o
                0x00000000080043cc                LCD_WriteData16_Prepare
 .text.LCD_WriteData16
                0x00000000080043f4       0x30 src/lcd.o
                0x00000000080043f4                LCD_WriteData16
 .text.LCD_WriteData16_End
                0x0000000008004424       0x24 src/lcd.o
                0x0000000008004424                LCD_WriteData16_End
 .text.LCD_WriteReg
                0x0000000008004448       0x30 src/lcd.o
                0x0000000008004448                LCD_WriteReg
 .text.LCD_WriteRAM_Prepare
                0x0000000008004478       0x1c src/lcd.o
                0x0000000008004478                LCD_WriteRAM_Prepare
 .text.LCD_direction
                0x0000000008004494       0xa4 src/lcd.o
                0x0000000008004494                LCD_direction
 .text.LCD_Init
                0x0000000008004538      0x244 src/lcd.o
                0x0000000008004538                LCD_Init
 .text.LCD_SetWindow
                0x000000000800477c       0xc0 src/lcd.o
                0x000000000800477c                LCD_SetWindow
 .text.LCD_DrawPoint
                0x000000000800483c       0x4e src/lcd.o
                0x000000000800483c                LCD_DrawPoint
 *fill*         0x000000000800488a        0x2 
 .text.LCD_DrawChar
                0x000000000800488c      0x22c src/lcd.o
                0x000000000800488c                LCD_DrawChar
 .text.LCD_DrawString
                0x0000000008004ab8       0xb8 src/lcd.o
                0x0000000008004ab8                LCD_DrawString
 .text.LCD_DrawPicture
                0x0000000008004b70       0xfc src/lcd.o
                0x0000000008004b70                LCD_DrawPicture
 .text._sbrk    0x0000000008004c6c       0x58 src/syscalls.o
                0x0000000008004c6c                _sbrk
 .text.SystemInit
                0x0000000008004cc4       0x8c src/system_stm32f0xx.o
                0x0000000008004cc4                SystemInit
 .text.SetSysClock
                0x0000000008004d50       0xe0 src/system_stm32f0xx.o
 .text.Reset_Handler
                0x0000000008004e30       0x50 startup/startup_stm32.o
                0x0000000008004e30                Reset_Handler
 .text.Default_Handler
                0x0000000008004e80        0x2 startup/startup_stm32.o
                0x0000000008004e80                DMA1_CH4_5_6_7_DMA2_CH3_4_5_IRQHandler
                0x0000000008004e80                TIM1_CC_IRQHandler
                0x0000000008004e80                TSC_IRQHandler
                0x0000000008004e80                HardFault_Handler
                0x0000000008004e80                SysTick_Handler
                0x0000000008004e80                PVD_IRQHandler
                0x0000000008004e80                PendSV_Handler
                0x0000000008004e80                NMI_Handler
                0x0000000008004e80                I2C1_IRQHandler
                0x0000000008004e80                RCC_CRS_IRQHandler
                0x0000000008004e80                SPI1_IRQHandler
                0x0000000008004e80                TIM6_DAC_IRQHandler
                0x0000000008004e80                EXTI2_3_IRQHandler
                0x0000000008004e80                I2C2_IRQHandler
                0x0000000008004e80                CEC_CAN_IRQHandler
                0x0000000008004e80                RTC_IRQHandler
                0x0000000008004e80                TIM16_IRQHandler
                0x0000000008004e80                TIM3_IRQHandler
                0x0000000008004e80                EXTI4_15_IRQHandler
                0x0000000008004e80                Default_Handler
                0x0000000008004e80                DMA1_CH2_3_DMA2_CH1_2_IRQHandler
                0x0000000008004e80                TIM14_IRQHandler
                0x0000000008004e80                TIM15_IRQHandler
                0x0000000008004e80                EXTI0_1_IRQHandler
                0x0000000008004e80                USB_IRQHandler
                0x0000000008004e80                SPI2_IRQHandler
                0x0000000008004e80                DMA1_CH1_IRQHandler
                0x0000000008004e80                SVC_Handler
                0x0000000008004e80                WWDG_IRQHandler
                0x0000000008004e80                TIM2_IRQHandler
                0x0000000008004e80                ADC_COMP_IRQHandler
                0x0000000008004e80                USART2_IRQHandler
                0x0000000008004e80                USART3_4_5_6_7_8_IRQHandler
                0x0000000008004e80                FLASH_IRQHandler
                0x0000000008004e80                USART1_IRQHandler
                0x0000000008004e80                TIM1_BRK_UP_TRG_COM_IRQHandler
 *fill*         0x0000000008004e82        0x2 
 .text.__errno  0x0000000008004e84        0xc /home/ayden/Ac6/SystemWorkbench/plugins/fr.ac6.mcu.externaltools.arm-none.linux64_1.17.0.201812190825/tools/compiler/bin/../lib/gcc/arm-none-eabi/7.3.1/../../../../arm-none-eabi/lib/thumb/v6-m/libc.a(lib_a-errno.o)
                0x0000000008004e84                __errno
 .text.__libc_init_array
                0x0000000008004e90       0x48 /home/ayden/Ac6/SystemWorkbench/plugins/fr.ac6.mcu.externaltools.arm-none.linux64_1.17.0.201812190825/tools/compiler/bin/../lib/gcc/arm-none-eabi/7.3.1/../../../../arm-none-eabi/lib/thumb/v6-m/libc.a(lib_a-init.o)
                0x0000000008004e90                __libc_init_array
 .text.memcpy   0x0000000008004ed8       0x88 /home/ayden/Ac6/SystemWorkbench/plugins/fr.ac6.mcu.externaltools.arm-none.linux64_1.17.0.201812190825/tools/compiler/bin/../lib/gcc/arm-none-eabi/7.3.1/../../../../arm-none-eabi/lib/thumb/v6-m/libc.a(lib_a-memcpy-stub.o)
                0x0000000008004ed8                memcpy
 .text.memset   0x0000000008004f60       0x9c /home/ayden/Ac6/SystemWorkbench/plugins/fr.ac6.mcu.externaltools.arm-none.linux64_1.17.0.201812190825/tools/compiler/bin/../lib/gcc/arm-none-eabi/7.3.1/../../../../arm-none-eabi/lib/thumb/v6-m/libc.a(lib_a-memset.o)
                0x0000000008004f60                memset
 .text.random   0x0000000008004ffc       0x34 /home/ayden/Ac6/SystemWorkbench/plugins/fr.ac6.mcu.externaltools.arm-none.linux64_1.17.0.201812190825/tools/compiler/bin/../lib/gcc/arm-none-eabi/7.3.1/../../../../arm-none-eabi/lib/thumb/v6-m/libc.a(lib_a-random.o)
                0x0000000008004ffc                random
 .text.snprintf
                0x0000000008005030       0x84 /home/ayden/Ac6/SystemWorkbench/plugins/fr.ac6.mcu.externaltools.arm-none.linux64_1.17.0.201812190825/tools/compiler/bin/../lib/gcc/arm-none-eabi/7.3.1/../../../../arm-none-eabi/lib/thumb/v6-m/libc.a(lib_a-snprintf.o)
                0x0000000008005030                snprintf
 .text._svfprintf_r
                0x00000000080050b4     0x1b6c /home/ayden/Ac6/SystemWorkbench/plugins/fr.ac6.mcu.externaltools.arm-none.linux64_1.17.0.201812190825/tools/compiler/bin/../lib/gcc/arm-none-eabi/7.3.1/../../../../arm-none-eabi/lib/thumb/v6-m/libc.a(lib_a-svfprintf.o)
                0x00000000080050b4                _svfprintf_r
 .text.startup.register_fini
                0x0000000008006c20       0x18 /home/ayden/Ac6/SystemWorkbench/plugins/fr.ac6.mcu.externaltools.arm-none.linux64_1.17.0.201812190825/tools/compiler/bin/../lib/gcc/arm-none-eabi/7.3.1/../../../../arm-none-eabi/lib/thumb/v6-m/libc.a(lib_a-__call_atexit.o)
 .text.atexit   0x0000000008006c38       0x10 /home/ayden/Ac6/SystemWorkbench/plugins/fr.ac6.mcu.externaltools.arm-none.linux64_1.17.0.201812190825/tools/compiler/bin/../lib/gcc/arm-none-eabi/7.3.1/../../../../arm-none-eabi/lib/thumb/v6-m/libc.a(lib_a-atexit.o)
                0x0000000008006c38                atexit
 .text.quorem   0x0000000008006c48      0x154 /home/ayden/Ac6/SystemWorkbench/plugins/fr.ac6.mcu.externaltools.arm-none.linux64_1.17.0.201812190825/tools/compiler/bin/../lib/gcc/arm-none-eabi/7.3.1/../../../../arm-none-eabi/lib/thumb/v6-m/libc.a(lib_a-dtoa.o)
 .text._dtoa_r  0x0000000008006d9c      0xf4c /home/ayden/Ac6/SystemWorkbench/plugins/fr.ac6.mcu.externaltools.arm-none.linux64_1.17.0.201812190825/tools/compiler/bin/../lib/gcc/arm-none-eabi/7.3.1/../../../../arm-none-eabi/lib/thumb/v6-m/libc.a(lib_a-dtoa.o)
                0x0000000008006d9c                _dtoa_r
 .text.__libc_fini_array
                0x0000000008007ce8       0x34 /home/ayden/Ac6/SystemWorkbench/plugins/fr.ac6.mcu.externaltools.arm-none.linux64_1.17.0.201812190825/tools/compiler/bin/../lib/gcc/arm-none-eabi/7.3.1/../../../../arm-none-eabi/lib/thumb/v6-m/libc.a(lib_a-fini.o)
                0x0000000008007ce8                __libc_fini_array
 .text._malloc_trim_r
                0x0000000008007d1c       0xa0 /home/ayden/Ac6/SystemWorkbench/plugins/fr.ac6.mcu.externaltools.arm-none.linux64_1.17.0.201812190825/tools/compiler/bin/../lib/gcc/arm-none-eabi/7.3.1/../../../../arm-none-eabi/lib/thumb/v6-m/libc.a(lib_a-freer.o)
                0x0000000008007d1c                _malloc_trim_r
 .text._free_r  0x0000000008007dbc      0x1d4 /home/ayden/Ac6/SystemWorkbench/plugins/fr.ac6.mcu.externaltools.arm-none.linux64_1.17.0.201812190825/tools/compiler/bin/../lib/gcc/arm-none-eabi/7.3.1/../../../../arm-none-eabi/lib/thumb/v6-m/libc.a(lib_a-freer.o)
                0x0000000008007dbc                _free_r
 .text._localeconv_r
                0x0000000008007f90       0x18 /home/ayden/Ac6/SystemWorkbench/plugins/fr.ac6.mcu.externaltools.arm-none.linux64_1.17.0.201812190825/tools/compiler/bin/../lib/gcc/arm-none-eabi/7.3.1/../../../../arm-none-eabi/lib/thumb/v6-m/libc.a(lib_a-localeconv.o)
                0x0000000008007f90                _localeconv_r
 .text.__retarget_lock_acquire_recursive
                0x0000000008007fa8        0x4 /home/ayden/Ac6/SystemWorkbench/plugins/fr.ac6.mcu.externaltools.arm-none.linux64_1.17.0.201812190825/tools/compiler/bin/../lib/gcc/arm-none-eabi/7.3.1/../../../../arm-none-eabi/lib/thumb/v6-m/libc.a(lib_a-lock.o)
                0x0000000008007fa8                __retarget_lock_acquire_recursive
 .text.__retarget_lock_release_recursive
                0x0000000008007fac        0x4 /home/ayden/Ac6/SystemWorkbench/plugins/fr.ac6.mcu.externaltools.arm-none.linux64_1.17.0.201812190825/tools/compiler/bin/../lib/gcc/arm-none-eabi/7.3.1/../../../../arm-none-eabi/lib/thumb/v6-m/libc.a(lib_a-lock.o)
                0x0000000008007fac                __retarget_lock_release_recursive
 .text._malloc_r
                0x0000000008007fb0      0x554 /home/ayden/Ac6/SystemWorkbench/plugins/fr.ac6.mcu.externaltools.arm-none.linux64_1.17.0.201812190825/tools/compiler/bin/../lib/gcc/arm-none-eabi/7.3.1/../../../../arm-none-eabi/lib/thumb/v6-m/libc.a(lib_a-mallocr.o)
                0x0000000008007fb0                _malloc_r
 .text.memchr   0x0000000008008504       0x80 /home/ayden/Ac6/SystemWorkbench/plugins/fr.ac6.mcu.externaltools.arm-none.linux64_1.17.0.201812190825/tools/compiler/bin/../lib/gcc/arm-none-eabi/7.3.1/../../../../arm-none-eabi/lib/thumb/v6-m/libc.a(lib_a-memchr-stub.o)
                0x0000000008008504                memchr
 .text.__malloc_lock
                0x0000000008008584       0x10 /home/ayden/Ac6/SystemWorkbench/plugins/fr.ac6.mcu.externaltools.arm-none.linux64_1.17.0.201812190825/tools/compiler/bin/../lib/gcc/arm-none-eabi/7.3.1/../../../../arm-none-eabi/lib/thumb/v6-m/libc.a(lib_a-mlock.o)
                0x0000000008008584                __malloc_lock
 .text.__malloc_unlock
                0x0000000008008594       0x10 /home/ayden/Ac6/SystemWorkbench/plugins/fr.ac6.mcu.externaltools.arm-none.linux64_1.17.0.201812190825/tools/compiler/bin/../lib/gcc/arm-none-eabi/7.3.1/../../../../arm-none-eabi/lib/thumb/v6-m/libc.a(lib_a-mlock.o)
                0x0000000008008594                __malloc_unlock
 .text._Balloc  0x00000000080085a4       0x50 /home/ayden/Ac6/SystemWorkbench/plugins/fr.ac6.mcu.externaltools.arm-none.linux64_1.17.0.201812190825/tools/compiler/bin/../lib/gcc/arm-none-eabi/7.3.1/../../../../arm-none-eabi/lib/thumb/v6-m/libc.a(lib_a-mprec.o)
                0x00000000080085a4                _Balloc
 .text._Bfree   0x00000000080085f4       0x14 /home/ayden/Ac6/SystemWorkbench/plugins/fr.ac6.mcu.externaltools.arm-none.linux64_1.17.0.201812190825/tools/compiler/bin/../lib/gcc/arm-none-eabi/7.3.1/../../../../arm-none-eabi/lib/thumb/v6-m/libc.a(lib_a-mprec.o)
                0x00000000080085f4                _Bfree
 .text.__multadd
                0x0000000008008608       0x8c /home/ayden/Ac6/SystemWorkbench/plugins/fr.ac6.mcu.externaltools.arm-none.linux64_1.17.0.201812190825/tools/compiler/bin/../lib/gcc/arm-none-eabi/7.3.1/../../../../arm-none-eabi/lib/thumb/v6-m/libc.a(lib_a-mprec.o)
                0x0000000008008608                __multadd
 .text.__hi0bits
                0x0000000008008694       0x38 /home/ayden/Ac6/SystemWorkbench/plugins/fr.ac6.mcu.externaltools.arm-none.linux64_1.17.0.201812190825/tools/compiler/bin/../lib/gcc/arm-none-eabi/7.3.1/../../../../arm-none-eabi/lib/thumb/v6-m/libc.a(lib_a-mprec.o)
                0x0000000008008694                __hi0bits
 .text.__lo0bits
                0x00000000080086cc       0x5c /home/ayden/Ac6/SystemWorkbench/plugins/fr.ac6.mcu.externaltools.arm-none.linux64_1.17.0.201812190825/tools/compiler/bin/../lib/gcc/arm-none-eabi/7.3.1/../../../../arm-none-eabi/lib/thumb/v6-m/libc.a(lib_a-mprec.o)
                0x00000000080086cc                __lo0bits
 .text.__i2b    0x0000000008008728       0x14 /home/ayden/Ac6/SystemWorkbench/plugins/fr.ac6.mcu.externaltools.arm-none.linux64_1.17.0.201812190825/tools/compiler/bin/../lib/gcc/arm-none-eabi/7.3.1/../../../../arm-none-eabi/lib/thumb/v6-m/libc.a(lib_a-mprec.o)
                0x0000000008008728                __i2b
 .text.__multiply
                0x000000000800873c      0x178 /home/ayden/Ac6/SystemWorkbench/plugins/fr.ac6.mcu.externaltools.arm-none.linux64_1.17.0.201812190825/tools/compiler/bin/../lib/gcc/arm-none-eabi/7.3.1/../../../../arm-none-eabi/lib/thumb/v6-m/libc.a(lib_a-mprec.o)
                0x000000000800873c                __multiply
 .text.__pow5mult
                0x00000000080088b4       0xc0 /home/ayden/Ac6/SystemWorkbench/plugins/fr.ac6.mcu.externaltools.arm-none.linux64_1.17.0.201812190825/tools/compiler/bin/../lib/gcc/arm-none-eabi/7.3.1/../../../../arm-none-eabi/lib/thumb/v6-m/libc.a(lib_a-mprec.o)
                0x00000000080088b4                __pow5mult
 .text.__lshift
                0x0000000008008974       0xc8 /home/ayden/Ac6/SystemWorkbench/plugins/fr.ac6.mcu.externaltools.arm-none.linux64_1.17.0.201812190825/tools/compiler/bin/../lib/gcc/arm-none-eabi/7.3.1/../../../../arm-none-eabi/lib/thumb/v6-m/libc.a(lib_a-mprec.o)
                0x0000000008008974                __lshift
 .text.__mcmp   0x0000000008008a3c       0x34 /home/ayden/Ac6/SystemWorkbench/plugins/fr.ac6.mcu.externaltools.arm-none.linux64_1.17.0.201812190825/tools/compiler/bin/../lib/gcc/arm-none-eabi/7.3.1/../../../../arm-none-eabi/lib/thumb/v6-m/libc.a(lib_a-mprec.o)
                0x0000000008008a3c                __mcmp
 .text.__mdiff  0x0000000008008a70      0x124 /home/ayden/Ac6/SystemWorkbench/plugins/fr.ac6.mcu.externaltools.arm-none.linux64_1.17.0.201812190825/tools/compiler/bin/../lib/gcc/arm-none-eabi/7.3.1/../../../../arm-none-eabi/lib/thumb/v6-m/libc.a(lib_a-mprec.o)
                0x0000000008008a70                __mdiff
 .text.__d2b    0x0000000008008b94       0xbc /home/ayden/Ac6/SystemWorkbench/plugins/fr.ac6.mcu.externaltools.arm-none.linux64_1.17.0.201812190825/tools/compiler/bin/../lib/gcc/arm-none-eabi/7.3.1/../../../../arm-none-eabi/lib/thumb/v6-m/libc.a(lib_a-mprec.o)
                0x0000000008008b94                __d2b
 .text.frexp    0x0000000008008c50       0x64 /home/ayden/Ac6/SystemWorkbench/plugins/fr.ac6.mcu.externaltools.arm-none.linux64_1.17.0.201812190825/tools/compiler/bin/../lib/gcc/arm-none-eabi/7.3.1/../../../../arm-none-eabi/lib/thumb/v6-m/libc.a(lib_a-s_frexp.o)
                0x0000000008008c50                frexp
 .text._sbrk_r  0x0000000008008cb4       0x24 /home/ayden/Ac6/SystemWorkbench/plugins/fr.ac6.mcu.externaltools.arm-none.linux64_1.17.0.201812190825/tools/compiler/bin/../lib/gcc/arm-none-eabi/7.3.1/../../../../arm-none-eabi/lib/thumb/v6-m/libc.a(lib_a-sbrkr.o)
                0x0000000008008cb4                _sbrk_r
 .text.strlen   0x0000000008008cd8       0x64 /home/ayden/Ac6/SystemWorkbench/plugins/fr.ac6.mcu.externaltools.arm-none.linux64_1.17.0.201812190825/tools/compiler/bin/../lib/gcc/arm-none-eabi/7.3.1/../../../../arm-none-eabi/lib/thumb/v6-m/libc.a(lib_a-strlen-stub.o)
                0x0000000008008cd8                strlen
 .text.strncpy  0x0000000008008d3c       0x8c /home/ayden/Ac6/SystemWorkbench/plugins/fr.ac6.mcu.externaltools.arm-none.linux64_1.17.0.201812190825/tools/compiler/bin/../lib/gcc/arm-none-eabi/7.3.1/../../../../arm-none-eabi/lib/thumb/v6-m/libc.a(lib_a-strncpy.o)
                0x0000000008008d3c                strncpy
 .text.__ssprint_r
                0x0000000008008dc8      0x118 /home/ayden/Ac6/SystemWorkbench/plugins/fr.ac6.mcu.externaltools.arm-none.linux64_1.17.0.201812190825/tools/compiler/bin/../lib/gcc/arm-none-eabi/7.3.1/../../../../arm-none-eabi/lib/thumb/v6-m/libc.a(lib_a-svfiprintf.o)
                0x0000000008008dc8                __ssprint_r
 .text.__register_exitproc
                0x0000000008008ee0       0xf4 /home/ayden/Ac6/SystemWorkbench/plugins/fr.ac6.mcu.externaltools.arm-none.linux64_1.17.0.201812190825/tools/compiler/bin/../lib/gcc/arm-none-eabi/7.3.1/../../../../arm-none-eabi/lib/thumb/v6-m/libc.a(lib_a-__atexit.o)
                0x0000000008008ee0                __register_exitproc
 .text._calloc_r
                0x0000000008008fd4       0x58 /home/ayden/Ac6/SystemWorkbench/plugins/fr.ac6.mcu.externaltools.arm-none.linux64_1.17.0.201812190825/tools/compiler/bin/../lib/gcc/arm-none-eabi/7.3.1/../../../../arm-none-eabi/lib/thumb/v6-m/libc.a(lib_a-callocr.o)
                0x0000000008008fd4                _calloc_r
 .text.__ascii_mbtowc
                0x000000000800902c       0x2c /home/ayden/Ac6/SystemWorkbench/plugins/fr.ac6.mcu.externaltools.arm-none.linux64_1.17.0.201812190825/tools/compiler/bin/../lib/gcc/arm-none-eabi/7.3.1/../../../../arm-none-eabi/lib/thumb/v6-m/libc.a(lib_a-mbtowc_r.o)
                0x000000000800902c                __ascii_mbtowc
 .text.memmove  0x0000000008009058       0x9c /home/ayden/Ac6/SystemWorkbench/plugins/fr.ac6.mcu.externaltools.arm-none.linux64_1.17.0.201812190825/tools/compiler/bin/../lib/gcc/arm-none-eabi/7.3.1/../../../../arm-none-eabi/lib/thumb/v6-m/libc.a(lib_a-memmove.o)
                0x0000000008009058                memmove
 .text._realloc_r
                0x00000000080090f4      0x3b0 /home/ayden/Ac6/SystemWorkbench/plugins/fr.ac6.mcu.externaltools.arm-none.linux64_1.17.0.201812190825/tools/compiler/bin/../lib/gcc/arm-none-eabi/7.3.1/../../../../arm-none-eabi/lib/thumb/v6-m/libc.a(lib_a-reallocr.o)
                0x00000000080090f4                _realloc_r
 .text.__ascii_wctomb
                0x00000000080094a4       0x1c /home/ayden/Ac6/SystemWorkbench/plugins/fr.ac6.mcu.externaltools.arm-none.linux64_1.17.0.201812190825/tools/compiler/bin/../lib/gcc/arm-none-eabi/7.3.1/../../../../arm-none-eabi/lib/thumb/v6-m/libc.a(lib_a-wctomb_r.o)
                0x00000000080094a4                __ascii_wctomb
 *(.glue_7)
 .glue_7        0x00000000080094c0        0x0 linker stubs
 *(.glue_7t)
 .glue_7t       0x00000000080094c0        0x0 linker stubs
 *(.eh_frame)
 .eh_frame      0x00000000080094c0        0x0 /home/ayden/Ac6/SystemWorkbench/plugins/fr.ac6.mcu.externaltools.arm-none.linux64_1.17.0.201812190825/tools/compiler/bin/../lib/gcc/arm-none-eabi/7.3.1/thumb/v6-m/crtbegin.o
 *(.init)
 .init          0x00000000080094c0        0x4 /home/ayden/Ac6/SystemWorkbench/plugins/fr.ac6.mcu.externaltools.arm-none.linux64_1.17.0.201812190825/tools/compiler/bin/../lib/gcc/arm-none-eabi/7.3.1/thumb/v6-m/crti.o
                0x00000000080094c0                _init
 .init          0x00000000080094c4        0x8 /home/ayden/Ac6/SystemWorkbench/plugins/fr.ac6.mcu.externaltools.arm-none.linux64_1.17.0.201812190825/tools/compiler/bin/../lib/gcc/arm-none-eabi/7.3.1/thumb/v6-m/crtn.o
 *(.fini)
 .fini          0x00000000080094cc        0x4 /home/ayden/Ac6/SystemWorkbench/plugins/fr.ac6.mcu.externaltools.arm-none.linux64_1.17.0.201812190825/tools/compiler/bin/../lib/gcc/arm-none-eabi/7.3.1/thumb/v6-m/crti.o
                0x00000000080094cc                _fini
 .fini          0x00000000080094d0        0x8 /home/ayden/Ac6/SystemWorkbench/plugins/fr.ac6.mcu.externaltools.arm-none.linux64_1.17.0.201812190825/tools/compiler/bin/../lib/gcc/arm-none-eabi/7.3.1/thumb/v6-m/crtn.o
                0x00000000080094d8                . = ALIGN (0x4)
                0x00000000080094d8                _etext = .

.vfp11_veneer   0x00000000080094d8        0x0
 .vfp11_veneer  0x00000000080094d8        0x0 linker stubs

.v4_bx          0x00000000080094d8        0x0
 .v4_bx         0x00000000080094d8        0x0 linker stubs

.iplt           0x00000000080094d8        0x0
 .iplt          0x00000000080094d8        0x0 /home/ayden/Ac6/SystemWorkbench/plugins/fr.ac6.mcu.externaltools.arm-none.linux64_1.17.0.201812190825/tools/compiler/bin/../lib/gcc/arm-none-eabi/7.3.1/thumb/v6-m/crtbegin.o

.rodata         0x00000000080094d8    0x28730
                0x00000000080094d8                . = ALIGN (0x4)
 *(.rodata)
 .rodata        0x00000000080094d8    0x25810 src/background.o
                0x00000000080094d8                background
 .rodata        0x000000000802ece8       0x50 src/bounce.o
                0x000000000802ece8                left
                0x000000000802ece9                right
                0x000000000802ecea                fire
                0x000000000802ecec                border
                0x000000000802ecf0                fireDly
                0x000000000802ecf4                strtAmmo
                0x000000000802ecf8                strOffset
 .rodata        0x000000000802ed38      0x810 src/enemyship.o
                0x000000000802ed38                enemyship
 .rodata        0x000000000802f548      0xa1c src/explosion.o
                0x000000000802f548                explosion
 .rodata        0x000000000802ff64       0xfc src/extrafunctions.o
                0x000000000802ff64                font
 .rodata        0x0000000008030060      0x1a0 src/laser.o
                0x0000000008030060                laser
 .rodata        0x0000000008030200      0xa64 src/lcd.o
                0x0000000008030200                asc2_1206
                0x0000000008030674                asc2_1608
 .rodata        0x0000000008030c64      0xab0 src/railgun.o
                0x0000000008030c64                railgun
 .rodata        0x0000000008031714       0x80 /home/ayden/Ac6/SystemWorkbench/plugins/fr.ac6.mcu.externaltools.arm-none.linux64_1.17.0.201812190825/tools/compiler/bin/../lib/gcc/arm-none-eabi/7.3.1/thumb/v6-m/libgcc.a(divsf3.o)
 .rodata        0x0000000008031794       0x40 /home/ayden/Ac6/SystemWorkbench/plugins/fr.ac6.mcu.externaltools.arm-none.linux64_1.17.0.201812190825/tools/compiler/bin/../lib/gcc/arm-none-eabi/7.3.1/thumb/v6-m/libgcc.a(muldf3.o)
 .rodata        0x00000000080317d4       0x40 /home/ayden/Ac6/SystemWorkbench/plugins/fr.ac6.mcu.externaltools.arm-none.linux64_1.17.0.201812190825/tools/compiler/bin/../lib/gcc/arm-none-eabi/7.3.1/thumb/v6-m/libgcc.a(divdf3.o)
 *(.rodata*)
 .rodata._global_impure_ptr
                0x0000000008031814        0x4 /home/ayden/Ac6/SystemWorkbench/plugins/fr.ac6.mcu.externaltools.arm-none.linux64_1.17.0.201812190825/tools/compiler/bin/../lib/gcc/arm-none-eabi/7.3.1/../../../../arm-none-eabi/lib/thumb/v6-m/libc.a(lib_a-impure.o)
                0x0000000008031814                _global_impure_ptr
 .rodata._svfprintf_r
                0x0000000008031818      0x16c /home/ayden/Ac6/SystemWorkbench/plugins/fr.ac6.mcu.externaltools.arm-none.linux64_1.17.0.201812190825/tools/compiler/bin/../lib/gcc/arm-none-eabi/7.3.1/../../../../arm-none-eabi/lib/thumb/v6-m/libc.a(lib_a-svfprintf.o)
 .rodata._svfprintf_r.str1.4
                0x0000000008031984       0x42 /home/ayden/Ac6/SystemWorkbench/plugins/fr.ac6.mcu.externaltools.arm-none.linux64_1.17.0.201812190825/tools/compiler/bin/../lib/gcc/arm-none-eabi/7.3.1/../../../../arm-none-eabi/lib/thumb/v6-m/libc.a(lib_a-svfprintf.o)
 *fill*         0x00000000080319c6        0x2 
 .rodata.blanks.7315
                0x00000000080319c8       0x10 /home/ayden/Ac6/SystemWorkbench/plugins/fr.ac6.mcu.externaltools.arm-none.linux64_1.17.0.201812190825/tools/compiler/bin/../lib/gcc/arm-none-eabi/7.3.1/../../../../arm-none-eabi/lib/thumb/v6-m/libc.a(lib_a-svfprintf.o)
 .rodata.zeroes.7316
                0x00000000080319d8       0x10 /home/ayden/Ac6/SystemWorkbench/plugins/fr.ac6.mcu.externaltools.arm-none.linux64_1.17.0.201812190825/tools/compiler/bin/../lib/gcc/arm-none-eabi/7.3.1/../../../../arm-none-eabi/lib/thumb/v6-m/libc.a(lib_a-svfprintf.o)
 .rodata._dtoa_r.str1.4
                0x00000000080319e8       0x10 /home/ayden/Ac6/SystemWorkbench/plugins/fr.ac6.mcu.externaltools.arm-none.linux64_1.17.0.201812190825/tools/compiler/bin/../lib/gcc/arm-none-eabi/7.3.1/../../../../arm-none-eabi/lib/thumb/v6-m/libc.a(lib_a-dtoa.o)
                                         0x12 (size before relaxing)
 .rodata.__mprec_bigtens
                0x00000000080319f8       0x28 /home/ayden/Ac6/SystemWorkbench/plugins/fr.ac6.mcu.externaltools.arm-none.linux64_1.17.0.201812190825/tools/compiler/bin/../lib/gcc/arm-none-eabi/7.3.1/../../../../arm-none-eabi/lib/thumb/v6-m/libc.a(lib_a-mprec.o)
                0x00000000080319f8                __mprec_bigtens
 .rodata.__mprec_tens
                0x0000000008031a20       0xc8 /home/ayden/Ac6/SystemWorkbench/plugins/fr.ac6.mcu.externaltools.arm-none.linux64_1.17.0.201812190825/tools/compiler/bin/../lib/gcc/arm-none-eabi/7.3.1/../../../../arm-none-eabi/lib/thumb/v6-m/libc.a(lib_a-mprec.o)
                0x0000000008031a20                __mprec_tens
 .rodata.p05.6092
                0x0000000008031ae8        0xc /home/ayden/Ac6/SystemWorkbench/plugins/fr.ac6.mcu.externaltools.arm-none.linux64_1.17.0.201812190825/tools/compiler/bin/../lib/gcc/arm-none-eabi/7.3.1/../../../../arm-none-eabi/lib/thumb/v6-m/libc.a(lib_a-mprec.o)
 .rodata._setlocale_r.str1.4
                0x0000000008031af4        0xa /home/ayden/Ac6/SystemWorkbench/plugins/fr.ac6.mcu.externaltools.arm-none.linux64_1.17.0.201812190825/tools/compiler/bin/../lib/gcc/arm-none-eabi/7.3.1/../../../../arm-none-eabi/lib/thumb/v6-m/libc.a(lib_a-locale.o)
                                          0xd (size before relaxing)
 *fill*         0x0000000008031afe        0x2 
 .rodata.str1.4
                0x0000000008031b00        0x4 /home/ayden/Ac6/SystemWorkbench/plugins/fr.ac6.mcu.externaltools.arm-none.linux64_1.17.0.201812190825/tools/compiler/bin/../lib/gcc/arm-none-eabi/7.3.1/../../../../arm-none-eabi/lib/thumb/v6-m/libc.a(lib_a-locale.o)
                                          0x2 (size before relaxing)
 .rodata._ctype_
                0x0000000008031b04      0x101 /home/ayden/Ac6/SystemWorkbench/plugins/fr.ac6.mcu.externaltools.arm-none.linux64_1.17.0.201812190825/tools/compiler/bin/../lib/gcc/arm-none-eabi/7.3.1/../../../../arm-none-eabi/lib/thumb/v6-m/libc.a(lib_a-ctype_.o)
                0x0000000008031b04                _ctype_
                0x0000000008031c08                . = ALIGN (0x4)
 *fill*         0x0000000008031c05        0x3 

.ARM.extab      0x0000000008031c08        0x0
                0x0000000008031c08                . = ALIGN (0x4)
 *(.ARM.extab* .gnu.linkonce.armextab.*)
                0x0000000008031c08                . = ALIGN (0x4)

.ARM            0x0000000008031c08        0x8
                0x0000000008031c08                . = ALIGN (0x4)
                0x0000000008031c08                __exidx_start = .
 *(.ARM.exidx*)
 .ARM.exidx     0x0000000008031c08        0x8 /home/ayden/Ac6/SystemWorkbench/plugins/fr.ac6.mcu.externaltools.arm-none.linux64_1.17.0.201812190825/tools/compiler/bin/../lib/gcc/arm-none-eabi/7.3.1/thumb/v6-m/libgcc.a(_udivmoddi4.o)
                0x0000000008031c10                __exidx_end = .
                0x0000000008031c10                . = ALIGN (0x4)

.rel.dyn        0x0000000008031c10        0x0
 .rel.iplt      0x0000000008031c10        0x0 /home/ayden/Ac6/SystemWorkbench/plugins/fr.ac6.mcu.externaltools.arm-none.linux64_1.17.0.201812190825/tools/compiler/bin/../lib/gcc/arm-none-eabi/7.3.1/thumb/v6-m/crtbegin.o

.preinit_array  0x0000000008031c10        0x0
                0x0000000008031c10                . = ALIGN (0x4)
                0x0000000008031c10                PROVIDE (__preinit_array_start = .)
 *(.preinit_array*)
                0x0000000008031c10                PROVIDE (__preinit_array_end = .)
                0x0000000008031c10                . = ALIGN (0x4)

.init_array     0x0000000008031c10        0x8
                0x0000000008031c10                . = ALIGN (0x4)
                0x0000000008031c10                PROVIDE (__init_array_start = .)
 *(SORT_BY_NAME(.init_array.*))
 .init_array.00000
                0x0000000008031c10        0x4 /home/ayden/Ac6/SystemWorkbench/plugins/fr.ac6.mcu.externaltools.arm-none.linux64_1.17.0.201812190825/tools/compiler/bin/../lib/gcc/arm-none-eabi/7.3.1/../../../../arm-none-eabi/lib/thumb/v6-m/libc.a(lib_a-__call_atexit.o)
 *(.init_array*)
 .init_array    0x0000000008031c14        0x4 /home/ayden/Ac6/SystemWorkbench/plugins/fr.ac6.mcu.externaltools.arm-none.linux64_1.17.0.201812190825/tools/compiler/bin/../lib/gcc/arm-none-eabi/7.3.1/thumb/v6-m/crtbegin.o
                0x0000000008031c18                PROVIDE (__init_array_end = .)
                0x0000000008031c18                . = ALIGN (0x4)

.fini_array     0x0000000008031c18        0x4
                0x0000000008031c18                . = ALIGN (0x4)
                0x0000000008031c18                PROVIDE (__fini_array_start = .)
 *(SORT_BY_NAME(.fini_array.*))
 *(.fini_array*)
 .fini_array    0x0000000008031c18        0x4 /home/ayden/Ac6/SystemWorkbench/plugins/fr.ac6.mcu.externaltools.arm-none.linux64_1.17.0.201812190825/tools/compiler/bin/../lib/gcc/arm-none-eabi/7.3.1/thumb/v6-m/crtbegin.o
                0x0000000008031c1c                PROVIDE (__fini_array_end = .)
                0x0000000008031c1c                . = ALIGN (0x4)
                0x0000000008031c1c                _sidata = LOADADDR (.data)

.data           0x0000000020000000     0x17b0 load address 0x0000000008031c1c
                0x0000000020000000                . = ALIGN (0x4)
                0x0000000020000000                _sdata = .
 *(.data)
 .data          0x0000000020000000      0xe00 src/bounce.o
                0x0000000020000000                level
                0x0000000020000004                lvlstr
                0x0000000020000010                rnd
                0x0000000020000014                rndstr
                0x0000000020000020                object
 *(.data*)
 .data._impure_ptr
                0x0000000020000e00        0x4 /home/ayden/Ac6/SystemWorkbench/plugins/fr.ac6.mcu.externaltools.arm-none.linux64_1.17.0.201812190825/tools/compiler/bin/../lib/gcc/arm-none-eabi/7.3.1/../../../../arm-none-eabi/lib/thumb/v6-m/libc.a(lib_a-impure.o)
                0x0000000020000e00                _impure_ptr
 *fill*         0x0000000020000e04        0x4 
 .data.impure_data
                0x0000000020000e08      0x428 /home/ayden/Ac6/SystemWorkbench/plugins/fr.ac6.mcu.externaltools.arm-none.linux64_1.17.0.201812190825/tools/compiler/bin/../lib/gcc/arm-none-eabi/7.3.1/../../../../arm-none-eabi/lib/thumb/v6-m/libc.a(lib_a-impure.o)
 .data.__atexit_recursive_mutex
                0x0000000020001230        0x4 /home/ayden/Ac6/SystemWorkbench/plugins/fr.ac6.mcu.externaltools.arm-none.linux64_1.17.0.201812190825/tools/compiler/bin/../lib/gcc/arm-none-eabi/7.3.1/../../../../arm-none-eabi/lib/thumb/v6-m/libc.a(lib_a-__call_atexit.o)
                0x0000000020001230                __atexit_recursive_mutex
 .data.__malloc_av_
                0x0000000020001234      0x408 /home/ayden/Ac6/SystemWorkbench/plugins/fr.ac6.mcu.externaltools.arm-none.linux64_1.17.0.201812190825/tools/compiler/bin/../lib/gcc/arm-none-eabi/7.3.1/../../../../arm-none-eabi/lib/thumb/v6-m/libc.a(lib_a-mallocr.o)
                0x0000000020001234                __malloc_av_
 .data.__malloc_sbrk_base
                0x000000002000163c        0x4 /home/ayden/Ac6/SystemWorkbench/plugins/fr.ac6.mcu.externaltools.arm-none.linux64_1.17.0.201812190825/tools/compiler/bin/../lib/gcc/arm-none-eabi/7.3.1/../../../../arm-none-eabi/lib/thumb/v6-m/libc.a(lib_a-mallocr.o)
                0x000000002000163c                __malloc_sbrk_base
 .data.__malloc_trim_threshold
                0x0000000020001640        0x4 /home/ayden/Ac6/SystemWorkbench/plugins/fr.ac6.mcu.externaltools.arm-none.linux64_1.17.0.201812190825/tools/compiler/bin/../lib/gcc/arm-none-eabi/7.3.1/../../../../arm-none-eabi/lib/thumb/v6-m/libc.a(lib_a-mallocr.o)
                0x0000000020001640                __malloc_trim_threshold
 .data.__global_locale
                0x0000000020001644      0x16c /home/ayden/Ac6/SystemWorkbench/plugins/fr.ac6.mcu.externaltools.arm-none.linux64_1.17.0.201812190825/tools/compiler/bin/../lib/gcc/arm-none-eabi/7.3.1/../../../../arm-none-eabi/lib/thumb/v6-m/libc.a(lib_a-locale.o)
                0x0000000020001644                __global_locale
                0x00000000200017b0                . = ALIGN (0x4)
                0x00000000200017b0                _edata = .

.igot.plt       0x00000000200017b0        0x0 load address 0x00000000080333cc
 .igot.plt      0x00000000200017b0        0x0 /home/ayden/Ac6/SystemWorkbench/plugins/fr.ac6.mcu.externaltools.arm-none.linux64_1.17.0.201812190825/tools/compiler/bin/../lib/gcc/arm-none-eabi/7.3.1/thumb/v6-m/crtbegin.o
                0x00000000200017b0                . = ALIGN (0x4)

.bss            0x00000000200017b0      0x13c load address 0x00000000080333cc
                0x00000000200017b0                _sbss = .
                0x00000000200017b0                __bss_start__ = _sbss
 *(.bss)
 .bss           0x00000000200017b0       0x1c /home/ayden/Ac6/SystemWorkbench/plugins/fr.ac6.mcu.externaltools.arm-none.linux64_1.17.0.201812190825/tools/compiler/bin/../lib/gcc/arm-none-eabi/7.3.1/thumb/v6-m/crtbegin.o
 .bss           0x00000000200017cc        0x4 src/bounce.o
                0x00000000200017cc                score
 .bss           0x00000000200017d0        0x8 src/syscalls.o
                0x00000000200017d0                __env
 *(.bss*)
 .bss.__malloc_current_mallinfo
                0x00000000200017d8       0x28 /home/ayden/Ac6/SystemWorkbench/plugins/fr.ac6.mcu.externaltools.arm-none.linux64_1.17.0.201812190825/tools/compiler/bin/../lib/gcc/arm-none-eabi/7.3.1/../../../../arm-none-eabi/lib/thumb/v6-m/libc.a(lib_a-mallocr.o)
                0x00000000200017d8                __malloc_current_mallinfo
 .bss.__malloc_max_sbrked_mem
                0x0000000020001800        0x4 /home/ayden/Ac6/SystemWorkbench/plugins/fr.ac6.mcu.externaltools.arm-none.linux64_1.17.0.201812190825/tools/compiler/bin/../lib/gcc/arm-none-eabi/7.3.1/../../../../arm-none-eabi/lib/thumb/v6-m/libc.a(lib_a-mallocr.o)
                0x0000000020001800                __malloc_max_sbrked_mem
 .bss.__malloc_max_total_mem
                0x0000000020001804        0x4 /home/ayden/Ac6/SystemWorkbench/plugins/fr.ac6.mcu.externaltools.arm-none.linux64_1.17.0.201812190825/tools/compiler/bin/../lib/gcc/arm-none-eabi/7.3.1/../../../../arm-none-eabi/lib/thumb/v6-m/libc.a(lib_a-mallocr.o)
                0x0000000020001804                __malloc_max_total_mem
 .bss.__malloc_top_pad
                0x0000000020001808        0x4 /home/ayden/Ac6/SystemWorkbench/plugins/fr.ac6.mcu.externaltools.arm-none.linux64_1.17.0.201812190825/tools/compiler/bin/../lib/gcc/arm-none-eabi/7.3.1/../../../../arm-none-eabi/lib/thumb/v6-m/libc.a(lib_a-mallocr.o)
                0x0000000020001808                __malloc_top_pad
 *(COMMON)
 COMMON         0x000000002000180c       0x40 src/bounce.o
                0x000000002000180c                xmin
                0x0000000020001810                x
                0x0000000020001814                newpx
                0x0000000020001818                fireRdy
                0x000000002000181c                xmax
                0x0000000020001820                vx
                0x0000000020001824                laserymax
                0x0000000020001828                lasery
                0x000000002000182c                ammo
                0x0000000020001830                vy
                0x0000000020001834                y
                0x0000000020001838                firing
                0x000000002000183c                px
                0x0000000020001840                ymin
                0x0000000020001844                ymax
                0x0000000020001848                laserx
 COMMON         0x000000002000184c       0x65 src/extrafunctions.o
                0x000000002000184c                qout
                0x0000000020001850                qin
                0x0000000020001854                queue
                0x0000000020001858                display
                0x0000000020001860                history
                0x0000000020001870                percentTable
                0x00000000200018b0                offset
 *fill*         0x00000000200018b1        0x3 
 COMMON         0x00000000200018b4        0xe src/lcd.o
                0x00000000200018b4                lcddev
 *fill*         0x00000000200018c2        0x2 
 COMMON         0x00000000200018c4       0x21 /home/ayden/Ac6/SystemWorkbench/plugins/fr.ac6.mcu.externaltools.arm-none.linux64_1.17.0.201812190825/tools/compiler/bin/../lib/gcc/arm-none-eabi/7.3.1/../../../../arm-none-eabi/lib/thumb/v6-m/libc.a(lib_a-lock.o)
                0x00000000200018c4                __lock___atexit_recursive_mutex
                0x00000000200018c8                __lock___arc4random_mutex
                0x00000000200018cc                __lock___env_recursive_mutex
                0x00000000200018d0                __lock___sinit_recursive_mutex
                0x00000000200018d4                __lock___malloc_recursive_mutex
                0x00000000200018d8                __lock___at_quick_exit_mutex
                0x00000000200018dc                __lock___dd_hash_mutex
                0x00000000200018e0                __lock___tz_mutex
                0x00000000200018e4                __lock___sfp_recursive_mutex
 *fill*         0x00000000200018e5        0x3 
 COMMON         0x00000000200018e8        0x4 /home/ayden/Ac6/SystemWorkbench/plugins/fr.ac6.mcu.externaltools.arm-none.linux64_1.17.0.201812190825/tools/compiler/bin/../lib/gcc/arm-none-eabi/7.3.1/../../../../arm-none-eabi/lib/thumb/v6-m/libc.a(lib_a-reent.o)
                0x00000000200018e8                errno
                0x00000000200018ec                . = ALIGN (0x4)
                0x00000000200018ec                _ebss = .
                0x00000000200018ec                __bss_end__ = _ebss

._user_heap_stack
                0x00000000200018ec      0x404 load address 0x00000000080333cc
                0x00000000200018f0                . = ALIGN (0x8)
 *fill*         0x00000000200018ec        0x4 
                0x00000000200018f0                PROVIDE (end = .)
                [!provide]                        PROVIDE (_end = .)
                0x00000000200018f0                . = (. + _Min_Heap_Size)
                0x0000000020001cf0                . = (. + _Min_Stack_Size)
 *fill*         0x00000000200018f0      0x400 
                0x0000000020001cf0                . = ALIGN (0x8)

/DISCARD/
 libc.a(*)
 libm.a(*)
 libgcc.a(*)

.ARM.attributes
                0x0000000000000000       0x28
 *(.ARM.attributes)
 .ARM.attributes
                0x0000000000000000       0x1e /home/ayden/Ac6/SystemWorkbench/plugins/fr.ac6.mcu.externaltools.arm-none.linux64_1.17.0.201812190825/tools/compiler/bin/../lib/gcc/arm-none-eabi/7.3.1/thumb/v6-m/crti.o
 .ARM.attributes
                0x000000000000001e       0x2c /home/ayden/Ac6/SystemWorkbench/plugins/fr.ac6.mcu.externaltools.arm-none.linux64_1.17.0.201812190825/tools/compiler/bin/../lib/gcc/arm-none-eabi/7.3.1/thumb/v6-m/crtbegin.o
 .ARM.attributes
                0x000000000000004a       0x31 src/background.o
 .ARM.attributes
                0x000000000000007b       0x31 src/bounce.o
 .ARM.attributes
                0x00000000000000ac       0x31 src/enemyship.o
 .ARM.attributes
                0x00000000000000dd       0x31 src/explosion.o
 .ARM.attributes
                0x000000000000010e       0x31 src/extrafunctions.o
 .ARM.attributes
                0x000000000000013f       0x31 src/laser.o
 .ARM.attributes
                0x0000000000000170       0x31 src/lcd.o
 .ARM.attributes
                0x00000000000001a1       0x31 src/railgun.o
 .ARM.attributes
                0x00000000000001d2       0x31 src/syscalls.o
 .ARM.attributes
                0x0000000000000203       0x31 src/system_stm32f0xx.o
 .ARM.attributes
                0x0000000000000234       0x21 startup/startup_stm32.o
 .ARM.attributes
                0x0000000000000255       0x1e /home/ayden/Ac6/SystemWorkbench/plugins/fr.ac6.mcu.externaltools.arm-none.linux64_1.17.0.201812190825/tools/compiler/bin/../lib/gcc/arm-none-eabi/7.3.1/thumb/v6-m/libgcc.a(_udivsi3.o)
 .ARM.attributes
                0x0000000000000273       0x1e /home/ayden/Ac6/SystemWorkbench/plugins/fr.ac6.mcu.externaltools.arm-none.linux64_1.17.0.201812190825/tools/compiler/bin/../lib/gcc/arm-none-eabi/7.3.1/thumb/v6-m/libgcc.a(_divsi3.o)
 .ARM.attributes
                0x0000000000000291       0x1e /home/ayden/Ac6/SystemWorkbench/plugins/fr.ac6.mcu.externaltools.arm-none.linux64_1.17.0.201812190825/tools/compiler/bin/../lib/gcc/arm-none-eabi/7.3.1/thumb/v6-m/libgcc.a(_dvmd_tls.o)
 .ARM.attributes
                0x00000000000002af       0x2c /home/ayden/Ac6/SystemWorkbench/plugins/fr.ac6.mcu.externaltools.arm-none.linux64_1.17.0.201812190825/tools/compiler/bin/../lib/gcc/arm-none-eabi/7.3.1/thumb/v6-m/libgcc.a(divsf3.o)
 .ARM.attributes
                0x00000000000002db       0x2c /home/ayden/Ac6/SystemWorkbench/plugins/fr.ac6.mcu.externaltools.arm-none.linux64_1.17.0.201812190825/tools/compiler/bin/../lib/gcc/arm-none-eabi/7.3.1/thumb/v6-m/libgcc.a(floatsisf.o)
 .ARM.attributes
                0x0000000000000307       0x2c /home/ayden/Ac6/SystemWorkbench/plugins/fr.ac6.mcu.externaltools.arm-none.linux64_1.17.0.201812190825/tools/compiler/bin/../lib/gcc/arm-none-eabi/7.3.1/thumb/v6-m/libgcc.a(adddf3.o)
 .ARM.attributes
                0x0000000000000333       0x2c /home/ayden/Ac6/SystemWorkbench/plugins/fr.ac6.mcu.externaltools.arm-none.linux64_1.17.0.201812190825/tools/compiler/bin/../lib/gcc/arm-none-eabi/7.3.1/thumb/v6-m/libgcc.a(muldf3.o)
 .ARM.attributes
                0x000000000000035f       0x2c /home/ayden/Ac6/SystemWorkbench/plugins/fr.ac6.mcu.externaltools.arm-none.linux64_1.17.0.201812190825/tools/compiler/bin/../lib/gcc/arm-none-eabi/7.3.1/thumb/v6-m/libgcc.a(fixdfsi.o)
 .ARM.attributes
                0x000000000000038b       0x2c /home/ayden/Ac6/SystemWorkbench/plugins/fr.ac6.mcu.externaltools.arm-none.linux64_1.17.0.201812190825/tools/compiler/bin/../lib/gcc/arm-none-eabi/7.3.1/thumb/v6-m/libgcc.a(extendsfdf2.o)
 .ARM.attributes
                0x00000000000003b7       0x1e /home/ayden/Ac6/SystemWorkbench/plugins/fr.ac6.mcu.externaltools.arm-none.linux64_1.17.0.201812190825/tools/compiler/bin/../lib/gcc/arm-none-eabi/7.3.1/thumb/v6-m/libgcc.a(_clzsi2.o)
 .ARM.attributes
                0x00000000000003d5       0x2c /home/ayden/Ac6/SystemWorkbench/plugins/fr.ac6.mcu.externaltools.arm-none.linux64_1.17.0.201812190825/tools/compiler/bin/../lib/gcc/arm-none-eabi/7.3.1/../../../../arm-none-eabi/lib/thumb/v6-m/libc.a(lib_a-errno.o)
 .ARM.attributes
                0x0000000000000401       0x2c /home/ayden/Ac6/SystemWorkbench/plugins/fr.ac6.mcu.externaltools.arm-none.linux64_1.17.0.201812190825/tools/compiler/bin/../lib/gcc/arm-none-eabi/7.3.1/../../../../arm-none-eabi/lib/thumb/v6-m/libc.a(lib_a-impure.o)
 .ARM.attributes
                0x000000000000042d       0x2c /home/ayden/Ac6/SystemWorkbench/plugins/fr.ac6.mcu.externaltools.arm-none.linux64_1.17.0.201812190825/tools/compiler/bin/../lib/gcc/arm-none-eabi/7.3.1/../../../../arm-none-eabi/lib/thumb/v6-m/libc.a(lib_a-init.o)
 .ARM.attributes
                0x0000000000000459       0x2c /home/ayden/Ac6/SystemWorkbench/plugins/fr.ac6.mcu.externaltools.arm-none.linux64_1.17.0.201812190825/tools/compiler/bin/../lib/gcc/arm-none-eabi/7.3.1/../../../../arm-none-eabi/lib/thumb/v6-m/libc.a(lib_a-memcpy-stub.o)
 .ARM.attributes
                0x0000000000000485       0x2c /home/ayden/Ac6/SystemWorkbench/plugins/fr.ac6.mcu.externaltools.arm-none.linux64_1.17.0.201812190825/tools/compiler/bin/../lib/gcc/arm-none-eabi/7.3.1/../../../../arm-none-eabi/lib/thumb/v6-m/libc.a(lib_a-memset.o)
 .ARM.attributes
                0x00000000000004b1       0x2c /home/ayden/Ac6/SystemWorkbench/plugins/fr.ac6.mcu.externaltools.arm-none.linux64_1.17.0.201812190825/tools/compiler/bin/../lib/gcc/arm-none-eabi/7.3.1/../../../../arm-none-eabi/lib/thumb/v6-m/libc.a(lib_a-random.o)
 .ARM.attributes
                0x00000000000004dd       0x2c /home/ayden/Ac6/SystemWorkbench/plugins/fr.ac6.mcu.externaltools.arm-none.linux64_1.17.0.201812190825/tools/compiler/bin/../lib/gcc/arm-none-eabi/7.3.1/../../../../arm-none-eabi/lib/thumb/v6-m/libc.a(lib_a-snprintf.o)
 .ARM.attributes
                0x0000000000000509       0x2c /home/ayden/Ac6/SystemWorkbench/plugins/fr.ac6.mcu.externaltools.arm-none.linux64_1.17.0.201812190825/tools/compiler/bin/../lib/gcc/arm-none-eabi/7.3.1/../../../../arm-none-eabi/lib/thumb/v6-m/libc.a(lib_a-svfprintf.o)
 .ARM.attributes
                0x0000000000000535       0x2c /home/ayden/Ac6/SystemWorkbench/plugins/fr.ac6.mcu.externaltools.arm-none.linux64_1.17.0.201812190825/tools/compiler/bin/../lib/gcc/arm-none-eabi/7.3.1/../../../../arm-none-eabi/lib/thumb/v6-m/libc.a(lib_a-__call_atexit.o)
 .ARM.attributes
                0x0000000000000561       0x2c /home/ayden/Ac6/SystemWorkbench/plugins/fr.ac6.mcu.externaltools.arm-none.linux64_1.17.0.201812190825/tools/compiler/bin/../lib/gcc/arm-none-eabi/7.3.1/../../../../arm-none-eabi/lib/thumb/v6-m/libc.a(lib_a-atexit.o)
 .ARM.attributes
                0x000000000000058d       0x2c /home/ayden/Ac6/SystemWorkbench/plugins/fr.ac6.mcu.externaltools.arm-none.linux64_1.17.0.201812190825/tools/compiler/bin/../lib/gcc/arm-none-eabi/7.3.1/../../../../arm-none-eabi/lib/thumb/v6-m/libc.a(lib_a-dtoa.o)
 .ARM.attributes
                0x00000000000005b9       0x2c /home/ayden/Ac6/SystemWorkbench/plugins/fr.ac6.mcu.externaltools.arm-none.linux64_1.17.0.201812190825/tools/compiler/bin/../lib/gcc/arm-none-eabi/7.3.1/../../../../arm-none-eabi/lib/thumb/v6-m/libc.a(lib_a-fini.o)
 .ARM.attributes
                0x00000000000005e5       0x2c /home/ayden/Ac6/SystemWorkbench/plugins/fr.ac6.mcu.externaltools.arm-none.linux64_1.17.0.201812190825/tools/compiler/bin/../lib/gcc/arm-none-eabi/7.3.1/../../../../arm-none-eabi/lib/thumb/v6-m/libc.a(lib_a-freer.o)
 .ARM.attributes
                0x0000000000000611       0x2c /home/ayden/Ac6/SystemWorkbench/plugins/fr.ac6.mcu.externaltools.arm-none.linux64_1.17.0.201812190825/tools/compiler/bin/../lib/gcc/arm-none-eabi/7.3.1/../../../../arm-none-eabi/lib/thumb/v6-m/libc.a(lib_a-localeconv.o)
 .ARM.attributes
                0x000000000000063d       0x2c /home/ayden/Ac6/SystemWorkbench/plugins/fr.ac6.mcu.externaltools.arm-none.linux64_1.17.0.201812190825/tools/compiler/bin/../lib/gcc/arm-none-eabi/7.3.1/../../../../arm-none-eabi/lib/thumb/v6-m/libc.a(lib_a-lock.o)
 .ARM.attributes
                0x0000000000000669       0x2c /home/ayden/Ac6/SystemWorkbench/plugins/fr.ac6.mcu.externaltools.arm-none.linux64_1.17.0.201812190825/tools/compiler/bin/../lib/gcc/arm-none-eabi/7.3.1/../../../../arm-none-eabi/lib/thumb/v6-m/libc.a(lib_a-mallocr.o)
 .ARM.attributes
                0x0000000000000695       0x2c /home/ayden/Ac6/SystemWorkbench/plugins/fr.ac6.mcu.externaltools.arm-none.linux64_1.17.0.201812190825/tools/compiler/bin/../lib/gcc/arm-none-eabi/7.3.1/../../../../arm-none-eabi/lib/thumb/v6-m/libc.a(lib_a-memchr-stub.o)
 .ARM.attributes
                0x00000000000006c1       0x2c /home/ayden/Ac6/SystemWorkbench/plugins/fr.ac6.mcu.externaltools.arm-none.linux64_1.17.0.201812190825/tools/compiler/bin/../lib/gcc/arm-none-eabi/7.3.1/../../../../arm-none-eabi/lib/thumb/v6-m/libc.a(lib_a-mlock.o)
 .ARM.attributes
                0x00000000000006ed       0x2c /home/ayden/Ac6/SystemWorkbench/plugins/fr.ac6.mcu.externaltools.arm-none.linux64_1.17.0.201812190825/tools/compiler/bin/../lib/gcc/arm-none-eabi/7.3.1/../../../../arm-none-eabi/lib/thumb/v6-m/libc.a(lib_a-mprec.o)
 .ARM.attributes
                0x0000000000000719       0x2c /home/ayden/Ac6/SystemWorkbench/plugins/fr.ac6.mcu.externaltools.arm-none.linux64_1.17.0.201812190825/tools/compiler/bin/../lib/gcc/arm-none-eabi/7.3.1/../../../../arm-none-eabi/lib/thumb/v6-m/libc.a(lib_a-s_frexp.o)
 .ARM.attributes
                0x0000000000000745       0x2c /home/ayden/Ac6/SystemWorkbench/plugins/fr.ac6.mcu.externaltools.arm-none.linux64_1.17.0.201812190825/tools/compiler/bin/../lib/gcc/arm-none-eabi/7.3.1/../../../../arm-none-eabi/lib/thumb/v6-m/libc.a(lib_a-sbrkr.o)
 .ARM.attributes
                0x0000000000000771       0x2c /home/ayden/Ac6/SystemWorkbench/plugins/fr.ac6.mcu.externaltools.arm-none.linux64_1.17.0.201812190825/tools/compiler/bin/../lib/gcc/arm-none-eabi/7.3.1/../../../../arm-none-eabi/lib/thumb/v6-m/libc.a(lib_a-strlen-stub.o)
 .ARM.attributes
                0x000000000000079d       0x2c /home/ayden/Ac6/SystemWorkbench/plugins/fr.ac6.mcu.externaltools.arm-none.linux64_1.17.0.201812190825/tools/compiler/bin/../lib/gcc/arm-none-eabi/7.3.1/../../../../arm-none-eabi/lib/thumb/v6-m/libc.a(lib_a-strncpy.o)
 .ARM.attributes
                0x00000000000007c9       0x2c /home/ayden/Ac6/SystemWorkbench/plugins/fr.ac6.mcu.externaltools.arm-none.linux64_1.17.0.201812190825/tools/compiler/bin/../lib/gcc/arm-none-eabi/7.3.1/../../../../arm-none-eabi/lib/thumb/v6-m/libc.a(lib_a-svfiprintf.o)
 .ARM.attributes
                0x00000000000007f5       0x2c /home/ayden/Ac6/SystemWorkbench/plugins/fr.ac6.mcu.externaltools.arm-none.linux64_1.17.0.201812190825/tools/compiler/bin/../lib/gcc/arm-none-eabi/7.3.1/../../../../arm-none-eabi/lib/thumb/v6-m/libc.a(lib_a-__atexit.o)
 .ARM.attributes
                0x0000000000000821       0x2c /home/ayden/Ac6/SystemWorkbench/plugins/fr.ac6.mcu.externaltools.arm-none.linux64_1.17.0.201812190825/tools/compiler/bin/../lib/gcc/arm-none-eabi/7.3.1/../../../../arm-none-eabi/lib/thumb/v6-m/libc.a(lib_a-callocr.o)
 .ARM.attributes
                0x000000000000084d       0x2c /home/ayden/Ac6/SystemWorkbench/plugins/fr.ac6.mcu.externaltools.arm-none.linux64_1.17.0.201812190825/tools/compiler/bin/../lib/gcc/arm-none-eabi/7.3.1/../../../../arm-none-eabi/lib/thumb/v6-m/libc.a(lib_a-locale.o)
 .ARM.attributes
                0x0000000000000879       0x2c /home/ayden/Ac6/SystemWorkbench/plugins/fr.ac6.mcu.externaltools.arm-none.linux64_1.17.0.201812190825/tools/compiler/bin/../lib/gcc/arm-none-eabi/7.3.1/../../../../arm-none-eabi/lib/thumb/v6-m/libc.a(lib_a-mbtowc_r.o)
 .ARM.attributes
                0x00000000000008a5       0x2c /home/ayden/Ac6/SystemWorkbench/plugins/fr.ac6.mcu.externaltools.arm-none.linux64_1.17.0.201812190825/tools/compiler/bin/../lib/gcc/arm-none-eabi/7.3.1/../../../../arm-none-eabi/lib/thumb/v6-m/libc.a(lib_a-memmove.o)
 .ARM.attributes
                0x00000000000008d1       0x2c /home/ayden/Ac6/SystemWorkbench/plugins/fr.ac6.mcu.externaltools.arm-none.linux64_1.17.0.201812190825/tools/compiler/bin/../lib/gcc/arm-none-eabi/7.3.1/../../../../arm-none-eabi/lib/thumb/v6-m/libc.a(lib_a-reallocr.o)
 .ARM.attributes
                0x00000000000008fd       0x2c /home/ayden/Ac6/SystemWorkbench/plugins/fr.ac6.mcu.externaltools.arm-none.linux64_1.17.0.201812190825/tools/compiler/bin/../lib/gcc/arm-none-eabi/7.3.1/../../../../arm-none-eabi/lib/thumb/v6-m/libc.a(lib_a-reent.o)
 .ARM.attributes
                0x0000000000000929       0x2c /home/ayden/Ac6/SystemWorkbench/plugins/fr.ac6.mcu.externaltools.arm-none.linux64_1.17.0.201812190825/tools/compiler/bin/../lib/gcc/arm-none-eabi/7.3.1/../../../../arm-none-eabi/lib/thumb/v6-m/libc.a(lib_a-wctomb_r.o)
 .ARM.attributes
                0x0000000000000955       0x2c /home/ayden/Ac6/SystemWorkbench/plugins/fr.ac6.mcu.externaltools.arm-none.linux64_1.17.0.201812190825/tools/compiler/bin/../lib/gcc/arm-none-eabi/7.3.1/../../../../arm-none-eabi/lib/thumb/v6-m/libc.a(lib_a-ctype_.o)
 .ARM.attributes
                0x0000000000000981       0x1e /home/ayden/Ac6/SystemWorkbench/plugins/fr.ac6.mcu.externaltools.arm-none.linux64_1.17.0.201812190825/tools/compiler/bin/../lib/gcc/arm-none-eabi/7.3.1/thumb/v6-m/libgcc.a(_arm_cmpdf2.o)
 .ARM.attributes
                0x000000000000099f       0x1e /home/ayden/Ac6/SystemWorkbench/plugins/fr.ac6.mcu.externaltools.arm-none.linux64_1.17.0.201812190825/tools/compiler/bin/../lib/gcc/arm-none-eabi/7.3.1/thumb/v6-m/libgcc.a(_aeabi_uldivmod.o)
 .ARM.attributes
                0x00000000000009bd       0x2c /home/ayden/Ac6/SystemWorkbench/plugins/fr.ac6.mcu.externaltools.arm-none.linux64_1.17.0.201812190825/tools/compiler/bin/../lib/gcc/arm-none-eabi/7.3.1/thumb/v6-m/libgcc.a(_muldi3.o)
 .ARM.attributes
                0x00000000000009e9       0x2c /home/ayden/Ac6/SystemWorkbench/plugins/fr.ac6.mcu.externaltools.arm-none.linux64_1.17.0.201812190825/tools/compiler/bin/../lib/gcc/arm-none-eabi/7.3.1/thumb/v6-m/libgcc.a(_udivmoddi4.o)
 .ARM.attributes
                0x0000000000000a15       0x2c /home/ayden/Ac6/SystemWorkbench/plugins/fr.ac6.mcu.externaltools.arm-none.linux64_1.17.0.201812190825/tools/compiler/bin/../lib/gcc/arm-none-eabi/7.3.1/thumb/v6-m/libgcc.a(divdf3.o)
 .ARM.attributes
                0x0000000000000a41       0x2c /home/ayden/Ac6/SystemWorkbench/plugins/fr.ac6.mcu.externaltools.arm-none.linux64_1.17.0.201812190825/tools/compiler/bin/../lib/gcc/arm-none-eabi/7.3.1/thumb/v6-m/libgcc.a(eqdf2.o)
 .ARM.attributes
                0x0000000000000a6d       0x2c /home/ayden/Ac6/SystemWorkbench/plugins/fr.ac6.mcu.externaltools.arm-none.linux64_1.17.0.201812190825/tools/compiler/bin/../lib/gcc/arm-none-eabi/7.3.1/thumb/v6-m/libgcc.a(gedf2.o)
 .ARM.attributes
                0x0000000000000a99       0x2c /home/ayden/Ac6/SystemWorkbench/plugins/fr.ac6.mcu.externaltools.arm-none.linux64_1.17.0.201812190825/tools/compiler/bin/../lib/gcc/arm-none-eabi/7.3.1/thumb/v6-m/libgcc.a(ledf2.o)
 .ARM.attributes
                0x0000000000000ac5       0x2c /home/ayden/Ac6/SystemWorkbench/plugins/fr.ac6.mcu.externaltools.arm-none.linux64_1.17.0.201812190825/tools/compiler/bin/../lib/gcc/arm-none-eabi/7.3.1/thumb/v6-m/libgcc.a(subdf3.o)
 .ARM.attributes
                0x0000000000000af1       0x2c /home/ayden/Ac6/SystemWorkbench/plugins/fr.ac6.mcu.externaltools.arm-none.linux64_1.17.0.201812190825/tools/compiler/bin/../lib/gcc/arm-none-eabi/7.3.1/thumb/v6-m/libgcc.a(unorddf2.o)
 .ARM.attributes
                0x0000000000000b1d       0x2c /home/ayden/Ac6/SystemWorkbench/plugins/fr.ac6.mcu.externaltools.arm-none.linux64_1.17.0.201812190825/tools/compiler/bin/../lib/gcc/arm-none-eabi/7.3.1/thumb/v6-m/libgcc.a(floatsidf.o)
 .ARM.attributes
                0x0000000000000b49       0x2c /home/ayden/Ac6/SystemWorkbench/plugins/fr.ac6.mcu.externaltools.arm-none.linux64_1.17.0.201812190825/tools/compiler/bin/../lib/gcc/arm-none-eabi/7.3.1/thumb/v6-m/libgcc.a(floatunsidf.o)
 .ARM.attributes
                0x0000000000000b75       0x1e /home/ayden/Ac6/SystemWorkbench/plugins/fr.ac6.mcu.externaltools.arm-none.linux64_1.17.0.201812190825/tools/compiler/bin/../lib/gcc/arm-none-eabi/7.3.1/thumb/v6-m/libgcc.a(_clzdi2.o)
 .ARM.attributes
                0x0000000000000b93       0x1e /home/ayden/Ac6/SystemWorkbench/plugins/fr.ac6.mcu.externaltools.arm-none.linux64_1.17.0.201812190825/tools/compiler/bin/../lib/gcc/arm-none-eabi/7.3.1/thumb/v6-m/crtn.o
OUTPUT(Final Project.elf elf32-littlearm)

.debug_info     0x0000000000000000     0x54b6
 .debug_info    0x0000000000000000       0x95 src/background.o
 .debug_info    0x0000000000000095     0x1160 src/bounce.o
 .debug_info    0x00000000000011f5       0x91 src/enemyship.o
 .debug_info    0x0000000000001286       0x91 src/explosion.o
 .debug_info    0x0000000000001317     0x1910 src/extrafunctions.o
 .debug_info    0x0000000000002c27       0x91 src/laser.o
 .debug_info    0x0000000000002cb8     0x1517 src/lcd.o
 .debug_info    0x00000000000041cf       0x91 src/railgun.o
 .debug_info    0x0000000000004260      0xf2e src/syscalls.o
 .debug_info    0x000000000000518e      0x306 src/system_stm32f0xx.o
 .debug_info    0x0000000000005494       0x22 startup/startup_stm32.o

.debug_abbrev   0x0000000000000000      0xfff
 .debug_abbrev  0x0000000000000000       0x64 src/background.o
 .debug_abbrev  0x0000000000000064      0x2ff src/bounce.o
 .debug_abbrev  0x0000000000000363       0x64 src/enemyship.o
 .debug_abbrev  0x00000000000003c7       0x64 src/explosion.o
 .debug_abbrev  0x000000000000042b      0x412 src/extrafunctions.o
 .debug_abbrev  0x000000000000083d       0x64 src/laser.o
 .debug_abbrev  0x00000000000008a1      0x2e3 src/lcd.o
 .debug_abbrev  0x0000000000000b84       0x64 src/railgun.o
 .debug_abbrev  0x0000000000000be8      0x2aa src/syscalls.o
 .debug_abbrev  0x0000000000000e92      0x15b src/system_stm32f0xx.o
 .debug_abbrev  0x0000000000000fed       0x12 startup/startup_stm32.o

.debug_aranges  0x0000000000000000      0x3f8
 .debug_aranges
                0x0000000000000000       0x18 src/background.o
 .debug_aranges
                0x0000000000000018       0x60 src/bounce.o
 .debug_aranges
                0x0000000000000078       0x18 src/enemyship.o
 .debug_aranges
                0x0000000000000090       0x18 src/explosion.o
 .debug_aranges
                0x00000000000000a8      0x138 src/extrafunctions.o
 .debug_aranges
                0x00000000000001e0       0x18 src/laser.o
 .debug_aranges
                0x00000000000001f8       0xe0 src/lcd.o
 .debug_aranges
                0x00000000000002d8       0x18 src/railgun.o
 .debug_aranges
                0x00000000000002f0       0xb0 src/syscalls.o
 .debug_aranges
                0x00000000000003a0       0x30 src/system_stm32f0xx.o
 .debug_aranges
                0x00000000000003d0       0x28 startup/startup_stm32.o

.debug_macro    0x0000000000000000     0x2598
 .debug_macro   0x0000000000000000       0x11 src/background.o
 .debug_macro   0x0000000000000011      0x332 src/bounce.o
 .debug_macro   0x0000000000000343       0x5e src/bounce.o
 .debug_macro   0x00000000000003a1       0x18 src/bounce.o
 .debug_macro   0x00000000000003b9       0x35 src/bounce.o
 .debug_macro   0x00000000000003ee       0x34 src/bounce.o
 .debug_macro   0x0000000000000422       0x16 src/bounce.o
 .debug_macro   0x0000000000000438       0x97 src/bounce.o
 .debug_macro   0x00000000000004cf      0x330 src/bounce.o
 .debug_macro   0x00000000000007ff       0xfd src/bounce.o
 .debug_macro   0x00000000000008fc       0x10 src/bounce.o
 .debug_macro   0x000000000000090c       0x58 src/bounce.o
 .debug_macro   0x0000000000000964       0x1f src/bounce.o
 .debug_macro   0x0000000000000983       0x43 src/bounce.o
 .debug_macro   0x00000000000009c6       0x20 src/bounce.o
 .debug_macro   0x00000000000009e6      0x18e src/bounce.o
 .debug_macro   0x0000000000000b74       0x10 src/bounce.o
 .debug_macro   0x0000000000000b84       0x1c src/bounce.o
 .debug_macro   0x0000000000000ba0       0x52 src/bounce.o
 .debug_macro   0x0000000000000bf2       0x40 src/bounce.o
 .debug_macro   0x0000000000000c32       0x10 src/bounce.o
 .debug_macro   0x0000000000000c42       0x40 src/bounce.o
 .debug_macro   0x0000000000000c82       0xd7 src/bounce.o
 .debug_macro   0x0000000000000d59       0x1c src/bounce.o
 .debug_macro   0x0000000000000d75       0x3d src/bounce.o
 .debug_macro   0x0000000000000db2       0x16 src/bounce.o
 .debug_macro   0x0000000000000dc8      0x16f src/bounce.o
 .debug_macro   0x0000000000000f37       0x16 src/bounce.o
 .debug_macro   0x0000000000000f4d       0x35 src/bounce.o
 .debug_macro   0x0000000000000f82       0x16 src/bounce.o
 .debug_macro   0x0000000000000f98       0x29 src/bounce.o
 .debug_macro   0x0000000000000fc1       0xa0 src/bounce.o
 .debug_macro   0x0000000000001061       0x11 src/enemyship.o
 .debug_macro   0x0000000000001072       0x11 src/explosion.o
 .debug_macro   0x0000000000001083      0x352 src/extrafunctions.o
 .debug_macro   0x00000000000013d5       0x16 src/extrafunctions.o
 .debug_macro   0x00000000000013eb       0x9a src/extrafunctions.o
 .debug_macro   0x0000000000001485       0x11 src/laser.o
 .debug_macro   0x0000000000001496      0x2a8 src/lcd.o
 .debug_macro   0x000000000000173e      0x10e src/lcd.o
 .debug_macro   0x000000000000184c       0x8d src/lcd.o
 .debug_macro   0x00000000000018d9       0x11 src/railgun.o
 .debug_macro   0x00000000000018ea      0x243 src/syscalls.o
 .debug_macro   0x0000000000001b2d       0x58 src/syscalls.o
 .debug_macro   0x0000000000001b85       0x94 src/syscalls.o
 .debug_macro   0x0000000000001c19       0x57 src/syscalls.o
 .debug_macro   0x0000000000001c70      0x174 src/syscalls.o
 .debug_macro   0x0000000000001de4       0x10 src/syscalls.o
 .debug_macro   0x0000000000001df4       0x10 src/syscalls.o
 .debug_macro   0x0000000000001e04       0x10 src/syscalls.o
 .debug_macro   0x0000000000001e14       0x35 src/syscalls.o
 .debug_macro   0x0000000000001e49      0x122 src/syscalls.o
 .debug_macro   0x0000000000001f6b       0x10 src/syscalls.o
 .debug_macro   0x0000000000001f7b      0x241 src/syscalls.o
 .debug_macro   0x00000000000021bc       0x1c src/syscalls.o
 .debug_macro   0x00000000000021d8       0x10 src/syscalls.o
 .debug_macro   0x00000000000021e8      0x189 src/syscalls.o
 .debug_macro   0x0000000000002371       0x16 src/syscalls.o
 .debug_macro   0x0000000000002387       0x88 src/syscalls.o
 .debug_macro   0x000000000000240f      0x189 src/system_stm32f0xx.o

.debug_line     0x0000000000000000     0x2e77
 .debug_line    0x0000000000000000       0x34 src/background.o
 .debug_line    0x0000000000000034      0x964 src/bounce.o
 .debug_line    0x0000000000000998       0x33 src/enemyship.o
 .debug_line    0x00000000000009cb       0x33 src/explosion.o
 .debug_line    0x00000000000009fe      0xc4f src/extrafunctions.o
 .debug_line    0x000000000000164d       0x2f src/laser.o
 .debug_line    0x000000000000167c      0xafe src/lcd.o
 .debug_line    0x000000000000217a       0x31 src/railgun.o
 .debug_line    0x00000000000021ab      0x60b src/syscalls.o
 .debug_line    0x00000000000027b6      0x645 src/system_stm32f0xx.o
 .debug_line    0x0000000000002dfb       0x7c startup/startup_stm32.o

.debug_str      0x0000000000000000    0x5084a
 .debug_str     0x0000000000000000     0x2c7e src/background.o
                                       0x2c99 (size before relaxing)
 .debug_str     0x0000000000002c7e    0x4c11b src/bounce.o
                                      0x4eff4 (size before relaxing)
 .debug_str     0x000000000004ed99       0x13 src/enemyship.o
                                       0x2c97 (size before relaxing)
 .debug_str     0x000000000004edac       0x13 src/explosion.o
                                       0x2c97 (size before relaxing)
 .debug_str     0x000000000004edbf      0x4fe src/extrafunctions.o
                                      0x4f3cc (size before relaxing)
 .debug_str     0x000000000004f2bd        0xf src/laser.o
                                       0x2c8f (size before relaxing)
 .debug_str     0x000000000004f2cc      0x388 src/lcd.o
                                      0x4df11 (size before relaxing)
 .debug_str     0x000000000004f654       0x11 src/railgun.o
                                       0x2c93 (size before relaxing)
 .debug_str     0x000000000004f665     0x110a src/syscalls.o
                                       0x84ea (size before relaxing)
 .debug_str     0x000000000005076f       0xb2 src/system_stm32f0xx.o
                                      0x4aa92 (size before relaxing)
 .debug_str     0x0000000000050821       0x29 startup/startup_stm32.o
                                         0x58 (size before relaxing)

.comment        0x0000000000000000       0x7f
 .comment       0x0000000000000000       0x7f src/background.o
                                         0x80 (size before relaxing)
 .comment       0x000000000000007f       0x80 src/bounce.o
 .comment       0x000000000000007f       0x80 src/enemyship.o
 .comment       0x000000000000007f       0x80 src/explosion.o
 .comment       0x000000000000007f       0x80 src/extrafunctions.o
 .comment       0x000000000000007f       0x80 src/laser.o
 .comment       0x000000000000007f       0x80 src/lcd.o
 .comment       0x000000000000007f       0x80 src/railgun.o
 .comment       0x000000000000007f       0x80 src/syscalls.o
 .comment       0x000000000000007f       0x80 src/system_stm32f0xx.o

.debug_ranges   0x0000000000000000      0x328
 .debug_ranges  0x0000000000000000       0x50 src/bounce.o
 .debug_ranges  0x0000000000000050      0x128 src/extrafunctions.o
 .debug_ranges  0x0000000000000178       0xd0 src/lcd.o
 .debug_ranges  0x0000000000000248       0xa0 src/syscalls.o
 .debug_ranges  0x00000000000002e8       0x20 src/system_stm32f0xx.o
 .debug_ranges  0x0000000000000308       0x20 startup/startup_stm32.o

.debug_frame    0x0000000000000000     0x1940
 .debug_frame   0x0000000000000000      0x134 src/bounce.o
 .debug_frame   0x0000000000000134      0x47c src/extrafunctions.o
 .debug_frame   0x00000000000005b0      0x348 src/lcd.o
 .debug_frame   0x00000000000008f8      0x264 src/syscalls.o
 .debug_frame   0x0000000000000b5c       0x6c src/system_stm32f0xx.o
 .debug_frame   0x0000000000000bc8       0x20 /home/ayden/Ac6/SystemWorkbench/plugins/fr.ac6.mcu.externaltools.arm-none.linux64_1.17.0.201812190825/tools/compiler/bin/../lib/gcc/arm-none-eabi/7.3.1/thumb/v6-m/libgcc.a(_udivsi3.o)
 .debug_frame   0x0000000000000be8       0x20 /home/ayden/Ac6/SystemWorkbench/plugins/fr.ac6.mcu.externaltools.arm-none.linux64_1.17.0.201812190825/tools/compiler/bin/../lib/gcc/arm-none-eabi/7.3.1/thumb/v6-m/libgcc.a(_divsi3.o)
 .debug_frame   0x0000000000000c08       0x3c /home/ayden/Ac6/SystemWorkbench/plugins/fr.ac6.mcu.externaltools.arm-none.linux64_1.17.0.201812190825/tools/compiler/bin/../lib/gcc/arm-none-eabi/7.3.1/thumb/v6-m/libgcc.a(divsf3.o)
 .debug_frame   0x0000000000000c44       0x2c /home/ayden/Ac6/SystemWorkbench/plugins/fr.ac6.mcu.externaltools.arm-none.linux64_1.17.0.201812190825/tools/compiler/bin/../lib/gcc/arm-none-eabi/7.3.1/thumb/v6-m/libgcc.a(floatsisf.o)
 .debug_frame   0x0000000000000c70       0x38 /home/ayden/Ac6/SystemWorkbench/plugins/fr.ac6.mcu.externaltools.arm-none.linux64_1.17.0.201812190825/tools/compiler/bin/../lib/gcc/arm-none-eabi/7.3.1/thumb/v6-m/libgcc.a(adddf3.o)
 .debug_frame   0x0000000000000ca8       0x3c /home/ayden/Ac6/SystemWorkbench/plugins/fr.ac6.mcu.externaltools.arm-none.linux64_1.17.0.201812190825/tools/compiler/bin/../lib/gcc/arm-none-eabi/7.3.1/thumb/v6-m/libgcc.a(muldf3.o)
 .debug_frame   0x0000000000000ce4       0x2c /home/ayden/Ac6/SystemWorkbench/plugins/fr.ac6.mcu.externaltools.arm-none.linux64_1.17.0.201812190825/tools/compiler/bin/../lib/gcc/arm-none-eabi/7.3.1/thumb/v6-m/libgcc.a(fixdfsi.o)
 .debug_frame   0x0000000000000d10       0x2c /home/ayden/Ac6/SystemWorkbench/plugins/fr.ac6.mcu.externaltools.arm-none.linux64_1.17.0.201812190825/tools/compiler/bin/../lib/gcc/arm-none-eabi/7.3.1/thumb/v6-m/libgcc.a(extendsfdf2.o)
 .debug_frame   0x0000000000000d3c       0x20 /home/ayden/Ac6/SystemWorkbench/plugins/fr.ac6.mcu.externaltools.arm-none.linux64_1.17.0.201812190825/tools/compiler/bin/../lib/gcc/arm-none-eabi/7.3.1/../../../../arm-none-eabi/lib/thumb/v6-m/libc.a(lib_a-errno.o)
 .debug_frame   0x0000000000000d5c       0x2c /home/ayden/Ac6/SystemWorkbench/plugins/fr.ac6.mcu.externaltools.arm-none.linux64_1.17.0.201812190825/tools/compiler/bin/../lib/gcc/arm-none-eabi/7.3.1/../../../../arm-none-eabi/lib/thumb/v6-m/libc.a(lib_a-init.o)
 .debug_frame   0x0000000000000d88       0x30 /home/ayden/Ac6/SystemWorkbench/plugins/fr.ac6.mcu.externaltools.arm-none.linux64_1.17.0.201812190825/tools/compiler/bin/../lib/gcc/arm-none-eabi/7.3.1/../../../../arm-none-eabi/lib/thumb/v6-m/libc.a(lib_a-memcpy-stub.o)
 .debug_frame   0x0000000000000db8       0x30 /home/ayden/Ac6/SystemWorkbench/plugins/fr.ac6.mcu.externaltools.arm-none.linux64_1.17.0.201812190825/tools/compiler/bin/../lib/gcc/arm-none-eabi/7.3.1/../../../../arm-none-eabi/lib/thumb/v6-m/libc.a(lib_a-memset.o)
 .debug_frame   0x0000000000000de8       0x38 /home/ayden/Ac6/SystemWorkbench/plugins/fr.ac6.mcu.externaltools.arm-none.linux64_1.17.0.201812190825/tools/compiler/bin/../lib/gcc/arm-none-eabi/7.3.1/../../../../arm-none-eabi/lib/thumb/v6-m/libc.a(lib_a-random.o)
 .debug_frame   0x0000000000000e20       0x50 /home/ayden/Ac6/SystemWorkbench/plugins/fr.ac6.mcu.externaltools.arm-none.linux64_1.17.0.201812190825/tools/compiler/bin/../lib/gcc/arm-none-eabi/7.3.1/../../../../arm-none-eabi/lib/thumb/v6-m/libc.a(lib_a-snprintf.o)
 .debug_frame   0x0000000000000e70       0x3c /home/ayden/Ac6/SystemWorkbench/plugins/fr.ac6.mcu.externaltools.arm-none.linux64_1.17.0.201812190825/tools/compiler/bin/../lib/gcc/arm-none-eabi/7.3.1/../../../../arm-none-eabi/lib/thumb/v6-m/libc.a(lib_a-svfprintf.o)
 .debug_frame   0x0000000000000eac       0x54 /home/ayden/Ac6/SystemWorkbench/plugins/fr.ac6.mcu.externaltools.arm-none.linux64_1.17.0.201812190825/tools/compiler/bin/../lib/gcc/arm-none-eabi/7.3.1/../../../../arm-none-eabi/lib/thumb/v6-m/libc.a(lib_a-__call_atexit.o)
 .debug_frame   0x0000000000000f00       0x28 /home/ayden/Ac6/SystemWorkbench/plugins/fr.ac6.mcu.externaltools.arm-none.linux64_1.17.0.201812190825/tools/compiler/bin/../lib/gcc/arm-none-eabi/7.3.1/../../../../arm-none-eabi/lib/thumb/v6-m/libc.a(lib_a-atexit.o)
 .debug_frame   0x0000000000000f28       0x68 /home/ayden/Ac6/SystemWorkbench/plugins/fr.ac6.mcu.externaltools.arm-none.linux64_1.17.0.201812190825/tools/compiler/bin/../lib/gcc/arm-none-eabi/7.3.1/../../../../arm-none-eabi/lib/thumb/v6-m/libc.a(lib_a-dtoa.o)
 .debug_frame   0x0000000000000f90       0x2c /home/ayden/Ac6/SystemWorkbench/plugins/fr.ac6.mcu.externaltools.arm-none.linux64_1.17.0.201812190825/tools/compiler/bin/../lib/gcc/arm-none-eabi/7.3.1/../../../../arm-none-eabi/lib/thumb/v6-m/libc.a(lib_a-fini.o)
 .debug_frame   0x0000000000000fbc       0x58 /home/ayden/Ac6/SystemWorkbench/plugins/fr.ac6.mcu.externaltools.arm-none.linux64_1.17.0.201812190825/tools/compiler/bin/../lib/gcc/arm-none-eabi/7.3.1/../../../../arm-none-eabi/lib/thumb/v6-m/libc.a(lib_a-freer.o)
 .debug_frame   0x0000000000001014       0x40 /home/ayden/Ac6/SystemWorkbench/plugins/fr.ac6.mcu.externaltools.arm-none.linux64_1.17.0.201812190825/tools/compiler/bin/../lib/gcc/arm-none-eabi/7.3.1/../../../../arm-none-eabi/lib/thumb/v6-m/libc.a(lib_a-localeconv.o)
 .debug_frame   0x0000000000001054       0xb0 /home/ayden/Ac6/SystemWorkbench/plugins/fr.ac6.mcu.externaltools.arm-none.linux64_1.17.0.201812190825/tools/compiler/bin/../lib/gcc/arm-none-eabi/7.3.1/../../../../arm-none-eabi/lib/thumb/v6-m/libc.a(lib_a-lock.o)
 .debug_frame   0x0000000000001104       0x3c /home/ayden/Ac6/SystemWorkbench/plugins/fr.ac6.mcu.externaltools.arm-none.linux64_1.17.0.201812190825/tools/compiler/bin/../lib/gcc/arm-none-eabi/7.3.1/../../../../arm-none-eabi/lib/thumb/v6-m/libc.a(lib_a-mallocr.o)
 .debug_frame   0x0000000000001140       0x2c /home/ayden/Ac6/SystemWorkbench/plugins/fr.ac6.mcu.externaltools.arm-none.linux64_1.17.0.201812190825/tools/compiler/bin/../lib/gcc/arm-none-eabi/7.3.1/../../../../arm-none-eabi/lib/thumb/v6-m/libc.a(lib_a-memchr-stub.o)
 .debug_frame   0x000000000000116c       0x40 /home/ayden/Ac6/SystemWorkbench/plugins/fr.ac6.mcu.externaltools.arm-none.linux64_1.17.0.201812190825/tools/compiler/bin/../lib/gcc/arm-none-eabi/7.3.1/../../../../arm-none-eabi/lib/thumb/v6-m/libc.a(lib_a-mlock.o)
 .debug_frame   0x00000000000011ac      0x260 /home/ayden/Ac6/SystemWorkbench/plugins/fr.ac6.mcu.externaltools.arm-none.linux64_1.17.0.201812190825/tools/compiler/bin/../lib/gcc/arm-none-eabi/7.3.1/../../../../arm-none-eabi/lib/thumb/v6-m/libc.a(lib_a-mprec.o)
 .debug_frame   0x000000000000140c       0x2c /home/ayden/Ac6/SystemWorkbench/plugins/fr.ac6.mcu.externaltools.arm-none.linux64_1.17.0.201812190825/tools/compiler/bin/../lib/gcc/arm-none-eabi/7.3.1/../../../../arm-none-eabi/lib/thumb/v6-m/libc.a(lib_a-s_frexp.o)
 .debug_frame   0x0000000000001438       0x2c /home/ayden/Ac6/SystemWorkbench/plugins/fr.ac6.mcu.externaltools.arm-none.linux64_1.17.0.201812190825/tools/compiler/bin/../lib/gcc/arm-none-eabi/7.3.1/../../../../arm-none-eabi/lib/thumb/v6-m/libc.a(lib_a-sbrkr.o)
 .debug_frame   0x0000000000001464       0x28 /home/ayden/Ac6/SystemWorkbench/plugins/fr.ac6.mcu.externaltools.arm-none.linux64_1.17.0.201812190825/tools/compiler/bin/../lib/gcc/arm-none-eabi/7.3.1/../../../../arm-none-eabi/lib/thumb/v6-m/libc.a(lib_a-strlen-stub.o)
 .debug_frame   0x000000000000148c       0x34 /home/ayden/Ac6/SystemWorkbench/plugins/fr.ac6.mcu.externaltools.arm-none.linux64_1.17.0.201812190825/tools/compiler/bin/../lib/gcc/arm-none-eabi/7.3.1/../../../../arm-none-eabi/lib/thumb/v6-m/libc.a(lib_a-strncpy.o)
 .debug_frame   0x00000000000014c0       0x68 /home/ayden/Ac6/SystemWorkbench/plugins/fr.ac6.mcu.externaltools.arm-none.linux64_1.17.0.201812190825/tools/compiler/bin/../lib/gcc/arm-none-eabi/7.3.1/../../../../arm-none-eabi/lib/thumb/v6-m/libc.a(lib_a-svfiprintf.o)
 .debug_frame   0x0000000000001528       0x3c /home/ayden/Ac6/SystemWorkbench/plugins/fr.ac6.mcu.externaltools.arm-none.linux64_1.17.0.201812190825/tools/compiler/bin/../lib/gcc/arm-none-eabi/7.3.1/../../../../arm-none-eabi/lib/thumb/v6-m/libc.a(lib_a-__atexit.o)
 .debug_frame   0x0000000000001564       0x28 /home/ayden/Ac6/SystemWorkbench/plugins/fr.ac6.mcu.externaltools.arm-none.linux64_1.17.0.201812190825/tools/compiler/bin/../lib/gcc/arm-none-eabi/7.3.1/../../../../arm-none-eabi/lib/thumb/v6-m/libc.a(lib_a-callocr.o)
 .debug_frame   0x000000000000158c       0x74 /home/ayden/Ac6/SystemWorkbench/plugins/fr.ac6.mcu.externaltools.arm-none.linux64_1.17.0.201812190825/tools/compiler/bin/../lib/gcc/arm-none-eabi/7.3.1/../../../../arm-none-eabi/lib/thumb/v6-m/libc.a(lib_a-locale.o)
 .debug_frame   0x0000000000001600       0x40 /home/ayden/Ac6/SystemWorkbench/plugins/fr.ac6.mcu.externaltools.arm-none.linux64_1.17.0.201812190825/tools/compiler/bin/../lib/gcc/arm-none-eabi/7.3.1/../../../../arm-none-eabi/lib/thumb/v6-m/libc.a(lib_a-mbtowc_r.o)
 .debug_frame   0x0000000000001640       0x30 /home/ayden/Ac6/SystemWorkbench/plugins/fr.ac6.mcu.externaltools.arm-none.linux64_1.17.0.201812190825/tools/compiler/bin/../lib/gcc/arm-none-eabi/7.3.1/../../../../arm-none-eabi/lib/thumb/v6-m/libc.a(lib_a-memmove.o)
 .debug_frame   0x0000000000001670       0x3c /home/ayden/Ac6/SystemWorkbench/plugins/fr.ac6.mcu.externaltools.arm-none.linux64_1.17.0.201812190825/tools/compiler/bin/../lib/gcc/arm-none-eabi/7.3.1/../../../../arm-none-eabi/lib/thumb/v6-m/libc.a(lib_a-reallocr.o)
 .debug_frame   0x00000000000016ac       0x48 /home/ayden/Ac6/SystemWorkbench/plugins/fr.ac6.mcu.externaltools.arm-none.linux64_1.17.0.201812190825/tools/compiler/bin/../lib/gcc/arm-none-eabi/7.3.1/../../../../arm-none-eabi/lib/thumb/v6-m/libc.a(lib_a-reent.o)